

================================================================
== Synthesis Summary Report of 'nn_inference'
================================================================
+ General Information: 
    * Date:           Mon Nov 18 06:18:38 2024
    * Version:        2020.2 (Build 3064766 on Wed Nov 18 09:12:47 MST 2020)
    * Project:        nn
    * Solution:       solution1 (Vivado IP Flow Target)
    * Product family: zynquplus
    * Target device:  xczu3eg-sbva484-1-e
    

+ Performance & Resource Estimates: 
    
    PS: '+' for module; 'o' for loop; '*' for dataflow
    +-----------------------------+------+-------+---------+-----------+----------+---------+------+----------+---------+---------+-----------+-------------+-----+
    |           Modules           | Issue|       | Latency |  Latency  | Iteration|         | Trip |          |         |         |           |             |     |
    |           & Loops           | Type | Slack | (cycles)|    (ns)   |  Latency | Interval| Count| Pipelined|  BRAM   |   DSP   |     FF    |     LUT     | URAM|
    +-----------------------------+------+-------+---------+-----------+----------+---------+------+----------+---------+---------+-----------+-------------+-----+
    |+ nn_inference               |     -|  -0.02|        -|          -|         -|        -|     -|        no|  15 (3%)|  24 (6%)|  3622 (2%)|  14064 (19%)|    -|
    | + grp_hw_act_layer1_fu_304  |     -|  -0.03|       69|    690.000|         -|       69|     -|        no|        -|        -|  551 (~0%)|    2565 (3%)|    -|
    |  o loop1                    |    II|  -7.30|       67|    670.000|         6|        2|    32|       yes|        -|        -|          -|            -|    -|
    | + grp_hw_act_layer2_fu_309  |     -|  -0.03|       37|    370.000|         -|       37|     -|        no|        -|        -|  546 (~0%)|    2563 (3%)|    -|
    |  o loop1                    |    II|  -7.30|       35|    350.000|         6|        2|    16|       yes|        -|        -|          -|            -|    -|
    | + grp_hw_act_layer3_fu_314  |     -|  -0.59|       21|    210.000|         -|       21|     -|        no|        -|        -|  541 (~0%)|    2561 (3%)|    -|
    |  o loop1                    |    II|  -7.30|       19|    190.000|         6|        2|     8|       yes|        -|        -|          -|            -|    -|
    | + grp_hwmm_layer1_fu_319    |     -|  -0.83|     3409|  3.409e+04|         -|     3409|     -|        no|   5 (1%)|        -|  425 (~0%)|    1099 (1%)|    -|
    |  o col                      |     -|  -7.30|     3408|  3.408e+04|       213|        -|    16|        no|        -|        -|          -|            -|    -|
    |   o prod                    |     -|  -7.30|       51|    510.000|         3|        1|    50|       yes|        -|        -|          -|            -|    -|
    |   o prod                    |     -|  -7.30|       51|    510.000|         3|        1|    50|       yes|        -|        -|          -|            -|    -|
    |   o prod                    |     -|  -7.30|       51|    510.000|         3|        1|    50|       yes|        -|        -|          -|            -|    -|
    |   o prod                    |     -|  -7.30|       51|    510.000|         3|        1|    50|       yes|        -|        -|          -|            -|    -|
    | + grp_hwmm_layer4_fu_327    |     -|  -0.16|        -|          -|         -|        -|     -|        no|  1 (~0%)|   8 (2%)|  242 (~0%)|    1355 (1%)|    -|
    |  o col                      |     -|  -7.30|      308|  3.080e+03|        77|        -|     4|        no|        -|        -|          -|            -|    -|
    |   o prod                    |     -|  -7.30|       17|    170.000|         3|        1|    16|       yes|        -|        -|          -|            -|    -|
    |   o prod                    |     -|  -7.30|       17|    170.000|         3|        1|    16|       yes|        -|        -|          -|            -|    -|
    |   o prod                    |     -|  -7.30|       17|    170.000|         3|        1|    16|       yes|        -|        -|          -|            -|    -|
    |   o prod                    |     -|  -7.30|       17|    170.000|         3|        1|    16|       yes|        -|        -|          -|            -|    -|
    | + grp_hwmm_layer2_fu_335    |     -|  -0.83|     1129|  1.129e+04|         -|     1129|     -|        no|  2 (~0%)|   8 (2%)|  413 (~0%)|    1049 (1%)|    -|
    |  o col                      |     -|  -7.30|     1128|  1.128e+04|       141|        -|     8|        no|        -|        -|          -|            -|    -|
    |   o prod                    |     -|  -7.30|       33|    330.000|         3|        1|    32|       yes|        -|        -|          -|            -|    -|
    |   o prod                    |     -|  -7.30|       33|    330.000|         3|        1|    32|       yes|        -|        -|          -|            -|    -|
    |   o prod                    |     -|  -7.30|       33|    330.000|         3|        1|    32|       yes|        -|        -|          -|            -|    -|
    |   o prod                    |     -|  -7.30|       33|    330.000|         3|        1|    32|       yes|        -|        -|          -|            -|    -|
    | + grp_hwmm_layer3_fu_343    |     -|  -0.83|      309|  3.090e+03|         -|      309|     -|        no|  1 (~0%)|   8 (2%)|  395 (~0%)|    1035 (1%)|    -|
    |  o col                      |     -|  -7.30|      308|  3.080e+03|        77|        -|     4|        no|        -|        -|          -|            -|    -|
    |   o prod                    |     -|  -7.30|       17|    170.000|         3|        1|    16|       yes|        -|        -|          -|            -|    -|
    |   o prod                    |     -|  -7.30|       17|    170.000|         3|        1|    16|       yes|        -|        -|          -|            -|    -|
    |   o prod                    |     -|  -7.30|       17|    170.000|         3|        1|    16|       yes|        -|        -|          -|            -|    -|
    |   o prod                    |     -|  -7.30|       17|    170.000|         3|        1|    16|       yes|        -|        -|          -|            -|    -|
    | o VITIS_LOOP_5_1            |     -|  -7.30|      102|  1.020e+03|         4|        1|   100|       yes|        -|        -|          -|            -|    -|
    | o loop1                     |     -|  -7.30|        5|     50.000|         2|        1|     5|       yes|        -|        -|          -|            -|    -|
    +-----------------------------+------+-------+---------+-----------+----------+---------+------+----------+---------+---------+-----------+-------------+-----+

