06:16:44 **** Build of configuration Debug for project test ****
make all 
Building file: ../src/helloworld.c
Invoking: ARM v8 gcc compiler
aarch64-none-elf-gcc -Wall -O0 -g3 -c -fmessage-length=0 -MT"src/helloworld.o" -I/home/samuel/MpSoc4Drones/Vitis/teste_bram_ip/u96v2_sbc_mp4d/export/u96v2_sbc_mp4d/sw/u96v2_sbc_mp4d/standalone_psu_cortexa53_0/bspinclude/include -MMD -MP -MF"src/helloworld.d" -MT"src/helloworld.o" -o "src/helloworld.o" "../src/helloworld.c"
../src/helloworld.c: In function 'main':
../src/helloworld.c:62:6: warning: variable 'x_status' set but not used [-Wunused-but-set-variable]
   62 |  int x_status;
      |      ^~~~~~~~
Finished building: ../src/helloworld.c
 
Building file: ../src/platform.c
Invoking: ARM v8 gcc compiler
aarch64-none-elf-gcc -Wall -O0 -g3 -c -fmessage-length=0 -MT"src/platform.o" -I/home/samuel/MpSoc4Drones/Vitis/teste_bram_ip/u96v2_sbc_mp4d/export/u96v2_sbc_mp4d/sw/u96v2_sbc_mp4d/standalone_psu_cortexa53_0/bspinclude/include -MMD -MP -MF"src/platform.d" -MT"src/platform.o" -o "src/platform.o" "../src/platform.c"
Finished building: ../src/platform.c
 
Building target: test.elf
Invoking: ARM v8 gcc linker
aarch64-none-elf-gcc -Wl,-T -Wl,../src/lscript.ld -L/home/samuel/MpSoc4Drones/Vitis/teste_bram_ip/u96v2_sbc_mp4d/export/u96v2_sbc_mp4d/sw/u96v2_sbc_mp4d/standalone_psu_cortexa53_0/bsplib/lib -o "test.elf"  ./src/helloworld.o ./src/platform.o   -Wl,--start-group,-lxil,-lgcc,-lc,--end-group
Finished building target: test.elf
 
Invoking: ARM v8 Print Size
aarch64-none-elf-size test.elf  |tee "test.elf.size"
   text	   data	    bss	    dec	    hex	filename
  37668	   5760	4198660	4242088	 40baa8	test.elf
Finished building: test.elf.size
 

06:16:45 Build Finished (took 475ms)

