

================================================================
== Synthesis Summary Report of 'nn_inference'
================================================================
+ General Information: 
    * Date:           Mon Dec  2 05:55:57 2024
    * Version:        2020.2 (Build 3064766 on Wed Nov 18 09:12:47 MST 2020)
    * Project:        nn_15x15
    * Solution:       solution1 (Vivado IP Flow Target)
    * Product family: zynquplus
    * Target device:  xczu3eg-sbva484-1-e
    

+ Performance & Resource Estimates: 
    
    PS: '+' for module; 'o' for loop; '*' for dataflow
    +-------------------+------+-------+---------+-----------+----------+---------+-------+----------+---------+---------+------------+-------------+-----+
    |      Modules      | Issue|       | Latency |  Latency  | Iteration|         |  Trip |          |         |         |            |             |     |
    |      & Loops      | Type | Slack | (cycles)|    (ns)   |  Latency | Interval| Count | Pipelined|  BRAM   |   DSP   |     FF     |     LUT     | URAM|
    +-------------------+------+-------+---------+-----------+----------+---------+-------+----------+---------+---------+------------+-------------+-----+
    |+ nn_inference     |     -|  -0.02|    14910|  1.491e+05|         -|    14911|      -|        no|  16 (3%)|  15 (4%)|  13744 (9%)|  14372 (20%)|    -|
    | o VITIS_LOOP_4_1  |     -|  -7.30|      227|  2.270e+03|         4|        1|    225|       yes|        -|        -|           -|            -|    -|
    | o col4_prod4      |     -|  -7.30|    14401|  1.440e+05|         3|        1|  14400|       yes|        -|        -|           -|            -|    -|
    | o loop4           |     -|  -7.30|       66|    660.000|         4|        1|     64|       yes|        -|        -|           -|            -|    -|
    | o col1            |     -|  -7.30|       45|    450.000|        15|        1|     32|       yes|        -|        -|           -|            -|    -|
    | o loop3           |     -|  -7.30|       34|    340.000|         4|        1|     32|       yes|        -|        -|           -|            -|    -|
    | o col1            |     -|  -7.30|       22|    220.000|         8|        1|     16|       yes|        -|        -|           -|            -|    -|
    | o loop2           |     -|  -7.30|       18|    180.000|         4|        1|     16|       yes|        -|        -|           -|            -|    -|
    | o col1            |     -|  -7.30|       13|    130.000|         5|        1|     10|       yes|        -|        -|           -|            -|    -|
    | o loop1           |     -|  -7.30|        9|     90.000|         2|        1|      9|       yes|        -|        -|           -|            -|    -|
    +-------------------+------+-------+---------+-----------+----------+---------+-------+----------+---------+---------+------------+-------------+-----+

