

================================================================
== Vitis HLS Report for 'nn_inference'
================================================================
* Date:           Mon Dec  2 05:55:54 2024

* Version:        2020.2 (Build 3064766 on Wed Nov 18 09:12:47 MST 2020)
* Project:        nn_15x15
* Solution:       solution1 (Vivado IP Flow Target)
* Product family: zynquplus
* Target device:  xczu3eg-sbva484-1-e


================================================================
== Performance Estimates
================================================================
+ Timing: 
    * Summary: 
    +--------+----------+----------+------------+
    |  Clock |  Target  | Estimated| Uncertainty|
    +--------+----------+----------+------------+
    |ap_clk  |  10.00 ns|  7.285 ns|     2.70 ns|
    +--------+----------+----------+------------+

+ Latency: 
    * Summary: 
    +---------+---------+----------+----------+-------+-------+---------+
    |  Latency (cycles) |  Latency (absolute) |    Interval   | Pipeline|
    |   min   |   max   |    min   |    max   |  min  |  max  |   Type  |
    +---------+---------+----------+----------+-------+-------+---------+
    |    14910|    14910|  0.149 ms|  0.149 ms|  14911|  14911|     none|
    +---------+---------+----------+----------+-------+-------+---------+

    + Detail: 
        * Instance: 
        N/A

        * Loop: 
        +------------------+---------+---------+----------+-----------+-----------+-------+----------+
        |                  |  Latency (cycles) | Iteration|  Initiation Interval  |  Trip |          |
        |     Loop Name    |   min   |   max   |  Latency |  achieved |   target  | Count | Pipelined|
        +------------------+---------+---------+----------+-----------+-----------+-------+----------+
        |- VITIS_LOOP_4_1  |      227|      227|         4|          1|          1|    225|       yes|
        |- col4_prod4      |    14401|    14401|         3|          1|          1|  14400|       yes|
        |- loop4           |       66|       66|         4|          1|          1|     64|       yes|
        |- col1            |       45|       45|        15|          1|          1|     32|       yes|
        |- loop3           |       34|       34|         4|          1|          1|     32|       yes|
        |- col1            |       22|       22|         8|          1|          1|     16|       yes|
        |- loop2           |       18|       18|         4|          1|          1|     16|       yes|
        |- col1            |       13|       13|         5|          1|          1|     10|       yes|
        |- loop1           |        9|        9|         2|          1|          1|      9|       yes|
        +------------------+---------+---------+----------+-----------+-----------+-------+----------+



================================================================
== Utilization Estimates
================================================================
* Summary: 
+-----------------+---------+-----+--------+-------+-----+
|       Name      | BRAM_18K| DSP |   FF   |  LUT  | URAM|
+-----------------+---------+-----+--------+-------+-----+
|DSP              |        -|    -|       -|      -|    -|
|Expression       |        -|    -|       0|   9799|    -|
|FIFO             |        -|    -|       -|      -|    -|
|Instance         |        2|   15|     116|   2370|    -|
|Memory           |       14|    -|    1114|    420|    -|
|Multiplexer      |        -|    -|       -|   1431|    -|
|Register         |        -|    -|   12514|    352|    -|
+-----------------+---------+-----+--------+-------+-----+
|Total            |       16|   15|   13744|  14372|    0|
+-----------------+---------+-----+--------+-------+-----+
|Available        |      432|  360|  141120|  70560|    0|
+-----------------+---------+-----+--------+-------+-----+
|Utilization (%)  |        3|    4|       9|     20|    0|
+-----------------+---------+-----+--------+-------+-----+

+ Detail: 
    * Instance: 
    +--------------------------------+-----------------------------+---------+----+-----+-----+-----+
    |            Instance            |            Module           | BRAM_18K| DSP|  FF | LUT | URAM|
    +--------------------------------+-----------------------------+---------+----+-----+-----+-----+
    |control_s_axi_U                 |control_s_axi                |        2|   0|  116|  110|    0|
    |dcmp_64ns_64ns_1_2_no_dsp_1_U2  |dcmp_64ns_64ns_1_2_no_dsp_1  |        0|   0|    0|    0|    0|
    |fpext_32ns_64_2_no_dsp_1_U1     |fpext_32ns_64_2_no_dsp_1     |        0|   0|    0|    0|    0|
    |mul_10s_32s_40_1_1_U3           |mul_10s_32s_40_1_1           |        0|   0|    0|   20|    0|
    |mul_10s_32s_40_1_1_U4           |mul_10s_32s_40_1_1           |        0|   0|    0|   20|    0|
    |mul_10s_32s_40_1_1_U5           |mul_10s_32s_40_1_1           |        0|   0|    0|   20|    0|
    |mul_10s_32s_40_1_1_U8           |mul_10s_32s_40_1_1           |        0|   0|    0|   20|    0|
    |mul_10s_32s_40_1_1_U18          |mul_10s_32s_40_1_1           |        0|   0|    0|   20|    0|
    |mul_10s_32s_40_1_1_U22          |mul_10s_32s_40_1_1           |        0|   0|    0|   20|    0|
    |mul_10s_32s_40_1_1_U37          |mul_10s_32s_40_1_1           |        0|   0|    0|   20|    0|
    |mul_10s_32s_40_1_1_U44          |mul_10s_32s_40_1_1           |        0|   0|    0|   20|    0|
    |mul_10s_32s_40_1_1_U62          |mul_10s_32s_40_1_1           |        0|   0|    0|   20|    0|
    |mul_10s_32s_40_1_1_U66          |mul_10s_32s_40_1_1           |        0|   0|    0|   20|    0|
    |mul_10s_32s_40_1_1_U68          |mul_10s_32s_40_1_1           |        0|   0|    0|   20|    0|
    |mul_10s_32s_40_1_1_U69          |mul_10s_32s_40_1_1           |        0|   0|    0|   20|    0|
    |mul_10s_32s_40_1_1_U70          |mul_10s_32s_40_1_1           |        0|   0|    0|   20|    0|
    |mul_10s_32s_40_1_1_U73          |mul_10s_32s_40_1_1           |        0|   0|    0|   20|    0|
    |mul_10s_32s_40_1_1_U78          |mul_10s_32s_40_1_1           |        0|   0|    0|   20|    0|
    |mul_10s_32s_40_1_1_U79          |mul_10s_32s_40_1_1           |        0|   0|    0|   20|    0|
    |mul_10s_32s_40_1_1_U81          |mul_10s_32s_40_1_1           |        0|   0|    0|   20|    0|
    |mul_10s_32s_40_1_1_U82          |mul_10s_32s_40_1_1           |        0|   0|    0|   20|    0|
    |mul_10s_32s_40_1_1_U83          |mul_10s_32s_40_1_1           |        0|   0|    0|   20|    0|
    |mul_10s_32s_40_1_1_U84          |mul_10s_32s_40_1_1           |        0|   0|    0|   20|    0|
    |mul_10s_32s_40_1_1_U85          |mul_10s_32s_40_1_1           |        0|   0|    0|   20|    0|
    |mul_10s_32s_40_1_1_U89          |mul_10s_32s_40_1_1           |        0|   0|    0|   20|    0|
    |mul_10s_32s_40_1_1_U90          |mul_10s_32s_40_1_1           |        0|   0|    0|   20|    0|
    |mul_10s_32s_40_1_1_U91          |mul_10s_32s_40_1_1           |        0|   0|    0|   20|    0|
    |mul_10s_32s_40_1_1_U92          |mul_10s_32s_40_1_1           |        0|   0|    0|   20|    0|
    |mul_10s_32s_40_1_1_U93          |mul_10s_32s_40_1_1           |        0|   0|    0|   20|    0|
    |mul_10s_32s_40_1_1_U98          |mul_10s_32s_40_1_1           |        0|   0|    0|   20|    0|
    |mul_10s_32s_40_1_1_U99          |mul_10s_32s_40_1_1           |        0|   0|    0|   20|    0|
    |mul_10s_32s_40_1_1_U108         |mul_10s_32s_40_1_1           |        0|   0|    0|   20|    0|
    |mul_10s_32s_40_1_1_U111         |mul_10s_32s_40_1_1           |        0|   0|    0|   20|    0|
    |mul_11s_32s_40_1_1_U11          |mul_11s_32s_40_1_1           |        0|   1|    0|   20|    0|
    |mul_11s_32s_40_1_1_U40          |mul_11s_32s_40_1_1           |        0|   1|    0|   20|    0|
    |mul_11s_32s_40_1_1_U71          |mul_11s_32s_40_1_1           |        0|   1|    0|   20|    0|
    |mul_11s_32s_40_1_1_U94          |mul_11s_32s_40_1_1           |        0|   1|    0|   20|    0|
    |mul_11s_32s_40_1_1_U97          |mul_11s_32s_40_1_1           |        0|   1|    0|   20|    0|
    |mul_11s_32s_40_1_1_U100         |mul_11s_32s_40_1_1           |        0|   1|    0|   20|    0|
    |mul_11s_32s_40_1_1_U103         |mul_11s_32s_40_1_1           |        0|   1|    0|   20|    0|
    |mul_11s_32s_40_1_1_U104         |mul_11s_32s_40_1_1           |        0|   1|    0|   20|    0|
    |mul_11s_32s_40_1_1_U105         |mul_11s_32s_40_1_1           |        0|   1|    0|   20|    0|
    |mul_11s_32s_40_1_1_U106         |mul_11s_32s_40_1_1           |        0|   1|    0|   20|    0|
    |mul_11s_32s_40_1_1_U107         |mul_11s_32s_40_1_1           |        0|   1|    0|   20|    0|
    |mul_11s_32s_40_1_1_U110         |mul_11s_32s_40_1_1           |        0|   1|    0|   20|    0|
    |mul_11s_32s_40_1_1_U112         |mul_11s_32s_40_1_1           |        0|   1|    0|   20|    0|
    |mul_12s_32s_40_1_1_U101         |mul_12s_32s_40_1_1           |        0|   1|    0|   20|    0|
    |mul_12s_32s_40_1_1_U109         |mul_12s_32s_40_1_1           |        0|   1|    0|   20|    0|
    |mul_7s_32s_39_1_1_U7            |mul_7s_32s_39_1_1            |        0|   0|    0|   20|    0|
    |mul_7s_32s_39_1_1_U9            |mul_7s_32s_39_1_1            |        0|   0|    0|   20|    0|
    |mul_7s_32s_39_1_1_U10           |mul_7s_32s_39_1_1            |        0|   0|    0|   20|    0|
    |mul_7s_32s_39_1_1_U12           |mul_7s_32s_39_1_1            |        0|   0|    0|   20|    0|
    |mul_7s_32s_39_1_1_U13           |mul_7s_32s_39_1_1            |        0|   0|    0|   20|    0|
    |mul_7s_32s_39_1_1_U14           |mul_7s_32s_39_1_1            |        0|   0|    0|   20|    0|
    |mul_7s_32s_39_1_1_U15           |mul_7s_32s_39_1_1            |        0|   0|    0|   20|    0|
    |mul_7s_32s_39_1_1_U16           |mul_7s_32s_39_1_1            |        0|   0|    0|   20|    0|
    |mul_7s_32s_39_1_1_U19           |mul_7s_32s_39_1_1            |        0|   0|    0|   20|    0|
    |mul_7s_32s_39_1_1_U21           |mul_7s_32s_39_1_1            |        0|   0|    0|   20|    0|
    |mul_7s_32s_39_1_1_U24           |mul_7s_32s_39_1_1            |        0|   0|    0|   20|    0|
    |mul_7s_32s_39_1_1_U25           |mul_7s_32s_39_1_1            |        0|   0|    0|   20|    0|
    |mul_7s_32s_39_1_1_U26           |mul_7s_32s_39_1_1            |        0|   0|    0|   20|    0|
    |mul_7s_32s_39_1_1_U27           |mul_7s_32s_39_1_1            |        0|   0|    0|   20|    0|
    |mul_7s_32s_39_1_1_U28           |mul_7s_32s_39_1_1            |        0|   0|    0|   20|    0|
    |mul_7s_32s_39_1_1_U30           |mul_7s_32s_39_1_1            |        0|   0|    0|   20|    0|
    |mul_7s_32s_39_1_1_U31           |mul_7s_32s_39_1_1            |        0|   0|    0|   20|    0|
    |mul_7s_32s_39_1_1_U33           |mul_7s_32s_39_1_1            |        0|   0|    0|   20|    0|
    |mul_7s_32s_39_1_1_U34           |mul_7s_32s_39_1_1            |        0|   0|    0|   20|    0|
    |mul_7s_32s_39_1_1_U39           |mul_7s_32s_39_1_1            |        0|   0|    0|   20|    0|
    |mul_7s_32s_39_1_1_U42           |mul_7s_32s_39_1_1            |        0|   0|    0|   20|    0|
    |mul_7s_32s_39_1_1_U45           |mul_7s_32s_39_1_1            |        0|   0|    0|   20|    0|
    |mul_7s_32s_39_1_1_U47           |mul_7s_32s_39_1_1            |        0|   0|    0|   20|    0|
    |mul_7s_32s_39_1_1_U50           |mul_7s_32s_39_1_1            |        0|   0|    0|   20|    0|
    |mul_7s_32s_39_1_1_U52           |mul_7s_32s_39_1_1            |        0|   0|    0|   20|    0|
    |mul_7s_32s_39_1_1_U53           |mul_7s_32s_39_1_1            |        0|   0|    0|   20|    0|
    |mul_7s_32s_39_1_1_U55           |mul_7s_32s_39_1_1            |        0|   0|    0|   20|    0|
    |mul_7s_32s_39_1_1_U56           |mul_7s_32s_39_1_1            |        0|   0|    0|   20|    0|
    |mul_7s_32s_39_1_1_U57           |mul_7s_32s_39_1_1            |        0|   0|    0|   20|    0|
    |mul_7s_32s_39_1_1_U58           |mul_7s_32s_39_1_1            |        0|   0|    0|   20|    0|
    |mul_7s_32s_39_1_1_U59           |mul_7s_32s_39_1_1            |        0|   0|    0|   20|    0|
    |mul_7s_32s_39_1_1_U60           |mul_7s_32s_39_1_1            |        0|   0|    0|   20|    0|
    |mul_7s_32s_39_1_1_U63           |mul_7s_32s_39_1_1            |        0|   0|    0|   20|    0|
    |mul_7s_32s_39_1_1_U64           |mul_7s_32s_39_1_1            |        0|   0|    0|   20|    0|
    |mul_7s_32s_39_1_1_U65           |mul_7s_32s_39_1_1            |        0|   0|    0|   20|    0|
    |mul_7s_32s_39_1_1_U67           |mul_7s_32s_39_1_1            |        0|   0|    0|   20|    0|
    |mul_8s_32s_40_1_1_U6            |mul_8s_32s_40_1_1            |        0|   0|    0|   20|    0|
    |mul_8s_32s_40_1_1_U20           |mul_8s_32s_40_1_1            |        0|   0|    0|   20|    0|
    |mul_8s_32s_40_1_1_U43           |mul_8s_32s_40_1_1            |        0|   0|    0|   20|    0|
    |mul_8s_32s_40_1_1_U72           |mul_8s_32s_40_1_1            |        0|   0|    0|   20|    0|
    |mul_8s_32s_40_1_1_U77           |mul_8s_32s_40_1_1            |        0|   0|    0|   20|    0|
    |mul_8s_32s_40_1_1_U87           |mul_8s_32s_40_1_1            |        0|   0|    0|   20|    0|
    |mul_8s_32s_40_1_1_U95           |mul_8s_32s_40_1_1            |        0|   0|    0|   20|    0|
    |mul_8s_32s_40_1_1_U102          |mul_8s_32s_40_1_1            |        0|   0|    0|   20|    0|
    |mul_8s_32s_40_1_1_U113          |mul_8s_32s_40_1_1            |        0|   0|    0|   20|    0|
    |mul_8s_32s_40_1_1_U114          |mul_8s_32s_40_1_1            |        0|   0|    0|   20|    0|
    |mul_8s_32s_40_1_1_U115          |mul_8s_32s_40_1_1            |        0|   0|    0|   20|    0|
    |mul_9s_32s_40_1_1_U17           |mul_9s_32s_40_1_1            |        0|   0|    0|   20|    0|
    |mul_9s_32s_40_1_1_U23           |mul_9s_32s_40_1_1            |        0|   0|    0|   20|    0|
    |mul_9s_32s_40_1_1_U29           |mul_9s_32s_40_1_1            |        0|   0|    0|   20|    0|
    |mul_9s_32s_40_1_1_U32           |mul_9s_32s_40_1_1            |        0|   0|    0|   20|    0|
    |mul_9s_32s_40_1_1_U35           |mul_9s_32s_40_1_1            |        0|   0|    0|   20|    0|
    |mul_9s_32s_40_1_1_U36           |mul_9s_32s_40_1_1            |        0|   0|    0|   20|    0|
    |mul_9s_32s_40_1_1_U38           |mul_9s_32s_40_1_1            |        0|   0|    0|   20|    0|
    |mul_9s_32s_40_1_1_U41           |mul_9s_32s_40_1_1            |        0|   0|    0|   20|    0|
    |mul_9s_32s_40_1_1_U46           |mul_9s_32s_40_1_1            |        0|   0|    0|   20|    0|
    |mul_9s_32s_40_1_1_U48           |mul_9s_32s_40_1_1            |        0|   0|    0|   20|    0|
    |mul_9s_32s_40_1_1_U49           |mul_9s_32s_40_1_1            |        0|   0|    0|   20|    0|
    |mul_9s_32s_40_1_1_U51           |mul_9s_32s_40_1_1            |        0|   0|    0|   20|    0|
    |mul_9s_32s_40_1_1_U54           |mul_9s_32s_40_1_1            |        0|   0|    0|   20|    0|
    |mul_9s_32s_40_1_1_U61           |mul_9s_32s_40_1_1            |        0|   0|    0|   20|    0|
    |mul_9s_32s_40_1_1_U74           |mul_9s_32s_40_1_1            |        0|   0|    0|   20|    0|
    |mul_9s_32s_40_1_1_U75           |mul_9s_32s_40_1_1            |        0|   0|    0|   20|    0|
    |mul_9s_32s_40_1_1_U76           |mul_9s_32s_40_1_1            |        0|   0|    0|   20|    0|
    |mul_9s_32s_40_1_1_U80           |mul_9s_32s_40_1_1            |        0|   0|    0|   20|    0|
    |mul_9s_32s_40_1_1_U86           |mul_9s_32s_40_1_1            |        0|   0|    0|   20|    0|
    |mul_9s_32s_40_1_1_U88           |mul_9s_32s_40_1_1            |        0|   0|    0|   20|    0|
    |mul_9s_32s_40_1_1_U96           |mul_9s_32s_40_1_1            |        0|   0|    0|   20|    0|
    +--------------------------------+-----------------------------+---------+----+-----+-----+-----+
    |Total                           |                             |        2|  15|  116| 2370|    0|
    +--------------------------------+-----------------------------+---------+----+-----+-----+-----+

    * DSP: 
    N/A

    * Memory: 
    +----------------------------+--------------------------+---------+----+----+-----+-------+-----+------+-------------+
    |           Memory           |          Module          | BRAM_18K| FF | LUT| URAM| Words | Bits| Banks| W*Bits*Banks|
    +----------------------------+--------------------------+---------+----+----+-----+-------+-----+------+-------------+
    |layer2_weights_V_0_U        |layer2_weights_V_0        |        0|  10|   5|    0|     32|   10|     1|          320|
    |layer2_weights_V_1_U        |layer2_weights_V_1        |        0|  10|   5|    0|     32|   10|     1|          320|
    |layer2_weights_V_10_U       |layer2_weights_V_10       |        0|   7|   4|    0|     32|    7|     1|          224|
    |layer2_weights_V_11_U       |layer2_weights_V_11       |        0|   7|   4|    0|     32|    7|     1|          224|
    |layer2_weights_V_12_U       |layer2_weights_V_12       |        0|   7|   4|    0|     32|    7|     1|          224|
    |layer2_weights_V_13_U       |layer2_weights_V_13       |        0|   9|   5|    0|     32|    9|     1|          288|
    |layer2_weights_V_14_U       |layer2_weights_V_14       |        0|  10|   5|    0|     32|   10|     1|          320|
    |layer2_weights_V_15_U       |layer2_weights_V_15       |        0|   7|   4|    0|     32|    7|     1|          224|
    |layer2_weights_V_16_U       |layer2_weights_V_16       |        0|   8|   4|    0|     32|    8|     1|          256|
    |layer2_weights_V_17_U       |layer2_weights_V_17       |        0|   7|   4|    0|     32|    7|     1|          224|
    |layer2_weights_V_18_U       |layer2_weights_V_18       |        0|  10|   5|    0|     32|   10|     1|          320|
    |layer2_weights_V_19_U       |layer2_weights_V_19       |        0|   9|   5|    0|     32|    9|     1|          288|
    |layer2_weights_V_2_U        |layer2_weights_V_2        |        0|   8|   4|    0|     32|    8|     1|          256|
    |layer2_weights_V_20_U       |layer2_weights_V_20       |        0|   7|   4|    0|     32|    7|     1|          224|
    |layer2_weights_V_21_U       |layer2_weights_V_21       |        0|   7|   4|    0|     32|    7|     1|          224|
    |layer2_weights_V_22_U       |layer2_weights_V_22       |        0|   7|   4|    0|     32|    7|     1|          224|
    |layer2_weights_V_23_U       |layer2_weights_V_23       |        0|   7|   4|    0|     32|    7|     1|          224|
    |layer2_weights_V_24_U       |layer2_weights_V_24       |        0|   7|   4|    0|     32|    7|     1|          224|
    |layer2_weights_V_25_U       |layer2_weights_V_25       |        0|   9|   5|    0|     32|    9|     1|          288|
    |layer2_weights_V_26_U       |layer2_weights_V_26       |        0|   7|   4|    0|     32|    7|     1|          224|
    |layer2_weights_V_27_U       |layer2_weights_V_27       |        0|   7|   4|    0|     32|    7|     1|          224|
    |layer2_weights_V_28_U       |layer2_weights_V_28       |        0|   9|   5|    0|     32|    9|     1|          288|
    |layer2_weights_V_29_U       |layer2_weights_V_29       |        0|   7|   4|    0|     32|    7|     1|          224|
    |layer2_weights_V_3_U        |layer2_weights_V_3        |        0|   7|   4|    0|     32|    7|     1|          224|
    |layer2_weights_V_30_U       |layer2_weights_V_30       |        0|   7|   4|    0|     32|    7|     1|          224|
    |layer2_weights_V_31_U       |layer2_weights_V_31       |        0|   9|   5|    0|     32|    9|     1|          288|
    |layer2_weights_V_32_U       |layer2_weights_V_32       |        0|   9|   5|    0|     32|    9|     1|          288|
    |layer2_weights_V_33_U       |layer2_weights_V_33       |        0|  10|   5|    0|     32|   10|     1|          320|
    |layer2_weights_V_34_U       |layer2_weights_V_34       |        0|   9|   5|    0|     32|    9|     1|          288|
    |layer2_weights_V_35_U       |layer2_weights_V_35       |        0|   7|   4|    0|     32|    7|     1|          224|
    |layer2_weights_V_36_U       |layer2_weights_V_36       |        0|  11|   6|    0|     32|   11|     1|          352|
    |layer2_weights_V_37_U       |layer2_weights_V_37       |        0|   9|   5|    0|     32|    9|     1|          288|
    |layer2_weights_V_38_U       |layer2_weights_V_38       |        0|   7|   4|    0|     32|    7|     1|          224|
    |layer2_weights_V_39_U       |layer2_weights_V_39       |        0|   8|   4|    0|     32|    8|     1|          256|
    |layer2_weights_V_4_U        |layer2_weights_V_4        |        0|  10|   5|    0|     32|   10|     1|          320|
    |layer2_weights_V_40_U       |layer2_weights_V_40       |        0|  10|   5|    0|     32|   10|     1|          320|
    |layer2_weights_V_41_U       |layer2_weights_V_41       |        0|   7|   4|    0|     32|    7|     1|          224|
    |layer2_weights_V_42_U       |layer2_weights_V_42       |        0|   9|   5|    0|     32|    9|     1|          288|
    |layer2_weights_V_43_U       |layer2_weights_V_43       |        0|   7|   4|    0|     32|    7|     1|          224|
    |layer2_weights_V_44_U       |layer2_weights_V_44       |        0|   9|   5|    0|     32|    9|     1|          288|
    |layer2_weights_V_45_U       |layer2_weights_V_45       |        0|   9|   5|    0|     32|    9|     1|          288|
    |layer2_weights_V_46_U       |layer2_weights_V_46       |        0|   7|   4|    0|     32|    7|     1|          224|
    |layer2_weights_V_47_U       |layer2_weights_V_47       |        0|   9|   5|    0|     32|    9|     1|          288|
    |layer2_weights_V_48_U       |layer2_weights_V_48       |        0|   7|   4|    0|     32|    7|     1|          224|
    |layer2_weights_V_49_U       |layer2_weights_V_49       |        0|   7|   4|    0|     32|    7|     1|          224|
    |layer2_weights_V_5_U        |layer2_weights_V_5        |        0|   7|   4|    0|     32|    7|     1|          224|
    |layer2_weights_V_50_U       |layer2_weights_V_50       |        0|   9|   5|    0|     32|    9|     1|          288|
    |layer2_weights_V_51_U       |layer2_weights_V_51       |        0|   7|   4|    0|     32|    7|     1|          224|
    |layer2_weights_V_52_U       |layer2_weights_V_52       |        0|   7|   4|    0|     32|    7|     1|          224|
    |layer2_weights_V_53_U       |layer2_weights_V_53       |        0|   7|   4|    0|     32|    7|     1|          224|
    |layer2_weights_V_54_U       |layer2_weights_V_54       |        0|   7|   4|    0|     32|    7|     1|          224|
    |layer2_weights_V_55_U       |layer2_weights_V_55       |        0|   7|   4|    0|     32|    7|     1|          224|
    |layer2_weights_V_56_U       |layer2_weights_V_56       |        0|   7|   4|    0|     32|    7|     1|          224|
    |layer2_weights_V_57_U       |layer2_weights_V_57       |        0|   9|   5|    0|     32|    9|     1|          288|
    |layer2_weights_V_58_U       |layer2_weights_V_58       |        0|  10|   5|    0|     32|   10|     1|          320|
    |layer2_weights_V_59_U       |layer2_weights_V_59       |        0|   7|   4|    0|     32|    7|     1|          224|
    |layer2_weights_V_6_U        |layer2_weights_V_6        |        0|   7|   4|    0|     32|    7|     1|          224|
    |layer2_weights_V_60_U       |layer2_weights_V_60       |        0|   7|   4|    0|     32|    7|     1|          224|
    |layer2_weights_V_61_U       |layer2_weights_V_61       |        0|   7|   4|    0|     32|    7|     1|          224|
    |layer2_weights_V_62_U       |layer2_weights_V_62       |        0|  10|   5|    0|     32|   10|     1|          320|
    |layer2_weights_V_63_U       |layer2_weights_V_63       |        0|   7|   4|    0|     32|    7|     1|          224|
    |layer2_weights_V_7_U        |layer2_weights_V_7        |        0|  11|   6|    0|     32|   11|     1|          352|
    |layer2_weights_V_8_U        |layer2_weights_V_8        |        0|   7|   4|    0|     32|    7|     1|          224|
    |layer2_weights_V_9_U        |layer2_weights_V_9        |        0|   7|   4|    0|     32|    7|     1|          224|
    |layer3_weights_V_0_U        |layer3_weights_V_0        |        0|  10|   3|    0|     16|   10|     1|          160|
    |layer3_weights_V_1_U        |layer3_weights_V_1        |        0|  10|   3|    0|     16|   10|     1|          160|
    |layer3_weights_V_10_U       |layer3_weights_V_10       |        0|  10|   3|    0|     16|   10|     1|          160|
    |layer3_weights_V_11_U       |layer3_weights_V_11       |        0|  10|   3|    0|     16|   10|     1|          160|
    |layer3_weights_V_12_U       |layer3_weights_V_12       |        0|   9|   3|    0|     16|    9|     1|          144|
    |layer3_weights_V_13_U       |layer3_weights_V_13       |        0|  10|   3|    0|     16|   10|     1|          160|
    |layer3_weights_V_14_U       |layer3_weights_V_14       |        0|  10|   3|    0|     16|   10|     1|          160|
    |layer3_weights_V_15_U       |layer3_weights_V_15       |        0|  10|   3|    0|     16|   10|     1|          160|
    |layer3_weights_V_16_U       |layer3_weights_V_16       |        0|  10|   3|    0|     16|   10|     1|          160|
    |layer3_weights_V_17_U       |layer3_weights_V_17       |        0|  10|   3|    0|     16|   10|     1|          160|
    |layer3_weights_V_18_U       |layer3_weights_V_18       |        0|   9|   3|    0|     16|    9|     1|          144|
    |layer3_weights_V_19_U       |layer3_weights_V_19       |        0|   8|   2|    0|     16|    8|     1|          128|
    |layer3_weights_V_2_U        |layer3_weights_V_2        |        0|  10|   3|    0|     16|   10|     1|          160|
    |layer3_weights_V_20_U       |layer3_weights_V_20       |        0|   9|   3|    0|     16|    9|     1|          144|
    |layer3_weights_V_21_U       |layer3_weights_V_21       |        0|  10|   3|    0|     16|   10|     1|          160|
    |layer3_weights_V_22_U       |layer3_weights_V_22       |        0|  10|   3|    0|     16|   10|     1|          160|
    |layer3_weights_V_23_U       |layer3_weights_V_23       |        0|  10|   3|    0|     16|   10|     1|          160|
    |layer3_weights_V_24_U       |layer3_weights_V_24       |        0|  10|   3|    0|     16|   10|     1|          160|
    |layer3_weights_V_25_U       |layer3_weights_V_25       |        0|  10|   3|    0|     16|   10|     1|          160|
    |layer3_weights_V_26_U       |layer3_weights_V_26       |        0|  11|   3|    0|     16|   11|     1|          176|
    |layer3_weights_V_27_U       |layer3_weights_V_27       |        0|   8|   2|    0|     16|    8|     1|          128|
    |layer3_weights_V_28_U       |layer3_weights_V_28       |        0|   9|   3|    0|     16|    9|     1|          144|
    |layer3_weights_V_29_U       |layer3_weights_V_29       |        0|  11|   3|    0|     16|   11|     1|          176|
    |layer3_weights_V_3_U        |layer3_weights_V_3        |        0|  11|   3|    0|     16|   11|     1|          176|
    |layer3_weights_V_30_U       |layer3_weights_V_30       |        0|  10|   3|    0|     16|   10|     1|          160|
    |layer3_weights_V_31_U       |layer3_weights_V_31       |        0|  10|   3|    0|     16|   10|     1|          160|
    |layer3_weights_V_4_U        |layer3_weights_V_4        |        0|   8|   2|    0|     16|    8|     1|          128|
    |layer3_weights_V_5_U        |layer3_weights_V_5        |        0|  10|   3|    0|     16|   10|     1|          160|
    |layer3_weights_V_6_U        |layer3_weights_V_6        |        0|   9|   3|    0|     16|    9|     1|          144|
    |layer3_weights_V_7_U        |layer3_weights_V_7        |        0|   9|   3|    0|     16|    9|     1|          144|
    |layer3_weights_V_8_U        |layer3_weights_V_8        |        0|   9|   3|    0|     16|    9|     1|          144|
    |layer3_weights_V_9_U        |layer3_weights_V_9        |        0|   8|   2|    0|     16|    8|     1|          128|
    |layer4_weights_V_0_U        |layer4_weights_V_0        |        0|  11|   2|    0|     10|   11|     1|          110|
    |layer4_weights_V_1_U        |layer4_weights_V_1        |        0|  12|   2|    0|     10|   12|     1|          120|
    |layer4_weights_V_10_U       |layer4_weights_V_10       |        0|  11|   2|    0|     10|   11|     1|          110|
    |layer4_weights_V_11_U       |layer4_weights_V_11       |        0|  10|   2|    0|     10|   10|     1|          100|
    |layer4_weights_V_12_U       |layer4_weights_V_12       |        0|  11|   2|    0|     10|   11|     1|          110|
    |layer4_weights_V_13_U       |layer4_weights_V_13       |        0|   8|   2|    0|     10|    8|     1|           80|
    |layer4_weights_V_14_U       |layer4_weights_V_14       |        0|   8|   2|    0|     10|    8|     1|           80|
    |layer4_weights_V_15_U       |layer4_weights_V_15       |        0|   8|   2|    0|     10|    8|     1|           80|
    |layer4_weights_V_2_U        |layer4_weights_V_2        |        0|   8|   2|    0|     10|    8|     1|           80|
    |layer4_weights_V_3_U        |layer4_weights_V_3        |        0|  11|   2|    0|     10|   11|     1|          110|
    |layer4_weights_V_4_U        |layer4_weights_V_4        |        0|  11|   2|    0|     10|   11|     1|          110|
    |layer4_weights_V_5_U        |layer4_weights_V_5        |        0|  11|   2|    0|     10|   11|     1|          110|
    |layer4_weights_V_6_U        |layer4_weights_V_6        |        0|  11|   2|    0|     10|   11|     1|          110|
    |layer4_weights_V_7_U        |layer4_weights_V_7        |        0|  11|   2|    0|     10|   11|     1|          110|
    |layer4_weights_V_8_U        |layer4_weights_V_8        |        0|  10|   2|    0|     10|   10|     1|          100|
    |layer4_weights_V_9_U        |layer4_weights_V_9        |        0|  12|   2|    0|     10|   12|     1|          120|
    |new_input_V_U               |new_input_V               |        1|   0|   0|    0|    225|   32|     1|         7200|
    |temp_output2_V_0_U          |temp_output2_V_0          |        2|   0|   0|    0|     32|   32|     1|         1024|
    |temp_output3_V_0_U          |temp_output3_V_0          |        0|  64|   8|    0|     16|   32|     1|          512|
    |temp_output4_V_0_U          |temp_output4_V_0          |        0|  64|   5|    0|     10|   32|     1|          320|
    |temp_output_V_0_U           |temp_output_V_0           |        2|   0|   0|    0|     64|   32|     1|         2048|
    |weights_layer1_weights_V_U  |weights_layer1_weights_V  |        9|   0|   0|    0|  14400|   10|     1|       144000|
    +----------------------------+--------------------------+---------+----+----+-----+-------+-----+------+-------------+
    |Total                       |                          |       14|1114| 420|    0|  17467| 1156|   118|       178120|
    +----------------------------+--------------------------+---------+----+----+-----+-------+-----+------+-------------+

    * FIFO: 
    N/A

    * Expression: 
    +---------------------------+----------+----+---+-----+------------+------------+
    |       Variable Name       | Operation| DSP| FF| LUT | Bitwidth P0| Bitwidth P1|
    +---------------------------+----------+----+---+-----+------------+------------+
    |add_ln105_fu_8783_p2       |         +|   0|  0|   12|           4|           1|
    |add_ln1118_fu_3575_p2      |         +|   0|  0|   21|          14|          14|
    |add_ln1192_100_fu_8470_p2  |         +|   0|  0|   47|          40|          40|
    |add_ln1192_101_fu_8503_p2  |         +|   0|  0|   47|          40|          40|
    |add_ln1192_102_fu_8553_p2  |         +|   0|  0|   47|          40|          40|
    |add_ln1192_103_fu_8576_p2  |         +|   0|  0|   47|          40|          40|
    |add_ln1192_104_fu_8599_p2  |         +|   0|  0|   47|          40|          40|
    |add_ln1192_105_fu_8631_p2  |         +|   0|  0|   47|          40|          40|
    |add_ln1192_106_fu_8664_p2  |         +|   0|  0|   47|          40|          40|
    |add_ln1192_107_fu_8696_p2  |         +|   0|  0|   47|          40|          40|
    |add_ln1192_108_fu_8727_p2  |         +|   0|  0|   47|          40|          40|
    |add_ln1192_109_fu_8760_p2  |         +|   0|  0|   47|          40|          40|
    |add_ln1192_10_fu_4584_p2   |         +|   0|  0|   47|          40|          40|
    |add_ln1192_11_fu_4621_p2   |         +|   0|  0|   47|          40|          40|
    |add_ln1192_12_fu_4671_p2   |         +|   0|  0|   47|          40|          40|
    |add_ln1192_13_fu_4694_p2   |         +|   0|  0|   47|          40|          40|
    |add_ln1192_14_fu_4720_p2   |         +|   0|  0|   47|          40|          40|
    |add_ln1192_15_fu_4753_p2   |         +|   0|  0|   47|          40|          40|
    |add_ln1192_16_fu_4790_p2   |         +|   0|  0|   47|          40|          40|
    |add_ln1192_17_fu_4840_p2   |         +|   0|  0|   47|          40|          40|
    |add_ln1192_18_fu_4863_p2   |         +|   0|  0|   47|          40|          40|
    |add_ln1192_19_fu_4889_p2   |         +|   0|  0|   47|          40|          40|
    |add_ln1192_1_fu_4267_p2    |         +|   0|  0|   47|          40|          40|
    |add_ln1192_20_fu_4926_p2   |         +|   0|  0|   47|          40|          40|
    |add_ln1192_21_fu_4963_p2   |         +|   0|  0|   47|          40|          40|
    |add_ln1192_22_fu_5016_p2   |         +|   0|  0|   47|          40|          40|
    |add_ln1192_23_fu_5043_p2   |         +|   0|  0|   47|          40|          40|
    |add_ln1192_24_fu_5067_p2   |         +|   0|  0|   47|          40|          40|
    |add_ln1192_25_fu_5103_p2   |         +|   0|  0|   47|          40|          40|
    |add_ln1192_26_fu_5140_p2   |         +|   0|  0|   47|          40|          40|
    |add_ln1192_27_fu_5190_p2   |         +|   0|  0|   47|          40|          40|
    |add_ln1192_28_fu_5216_p2   |         +|   0|  0|   47|          40|          40|
    |add_ln1192_29_fu_5243_p2   |         +|   0|  0|   47|          40|          40|
    |add_ln1192_2_fu_4320_p2    |         +|   0|  0|   47|          40|          40|
    |add_ln1192_30_fu_5276_p2   |         +|   0|  0|   47|          40|          40|
    |add_ln1192_31_fu_5309_p2   |         +|   0|  0|   47|          40|          40|
    |add_ln1192_32_fu_5359_p2   |         +|   0|  0|   47|          40|          40|
    |add_ln1192_33_fu_5382_p2   |         +|   0|  0|   47|          40|          40|
    |add_ln1192_34_fu_5408_p2   |         +|   0|  0|   47|          40|          40|
    |add_ln1192_35_fu_5441_p2   |         +|   0|  0|   47|          40|          40|
    |add_ln1192_36_fu_5474_p2   |         +|   0|  0|   47|          40|          40|
    |add_ln1192_37_fu_5527_p2   |         +|   0|  0|   47|          40|          40|
    |add_ln1192_38_fu_5551_p2   |         +|   0|  0|   47|          40|          40|
    |add_ln1192_39_fu_5574_p2   |         +|   0|  0|   47|          40|          40|
    |add_ln1192_3_fu_4344_p2    |         +|   0|  0|   47|          40|          40|
    |add_ln1192_40_fu_5610_p2   |         +|   0|  0|   47|          40|          40|
    |add_ln1192_41_fu_5643_p2   |         +|   0|  0|   47|          40|          40|
    |add_ln1192_42_fu_5696_p2   |         +|   0|  0|   47|          40|          40|
    |add_ln1192_43_fu_5720_p2   |         +|   0|  0|   47|          40|          40|
    |add_ln1192_44_fu_5743_p2   |         +|   0|  0|   47|          40|          40|
    |add_ln1192_45_fu_5779_p2   |         +|   0|  0|   47|          40|          40|
    |add_ln1192_46_fu_5812_p2   |         +|   0|  0|   47|          40|          40|
    |add_ln1192_47_fu_5865_p2   |         +|   0|  0|   47|          40|          40|
    |add_ln1192_48_fu_5892_p2   |         +|   0|  0|   47|          40|          40|
    |add_ln1192_49_fu_5916_p2   |         +|   0|  0|   47|          40|          40|
    |add_ln1192_4_fu_4370_p2    |         +|   0|  0|   47|          40|          40|
    |add_ln1192_50_fu_5952_p2   |         +|   0|  0|   47|          40|          40|
    |add_ln1192_51_fu_5989_p2   |         +|   0|  0|   47|          40|          40|
    |add_ln1192_52_fu_6042_p2   |         +|   0|  0|   47|          40|          40|
    |add_ln1192_53_fu_6069_p2   |         +|   0|  0|   47|          40|          40|
    |add_ln1192_54_fu_6096_p2   |         +|   0|  0|   47|          40|          40|
    |add_ln1192_55_fu_6133_p2   |         +|   0|  0|   47|          40|          40|
    |add_ln1192_56_fu_6166_p2   |         +|   0|  0|   47|          40|          40|
    |add_ln1192_57_fu_6216_p2   |         +|   0|  0|   47|          40|          40|
    |add_ln1192_58_fu_6242_p2   |         +|   0|  0|   47|          40|          40|
    |add_ln1192_59_fu_6269_p2   |         +|   0|  0|   47|          40|          40|
    |add_ln1192_5_fu_4407_p2    |         +|   0|  0|   47|          40|          40|
    |add_ln1192_60_fu_6306_p2   |         +|   0|  0|   47|          40|          40|
    |add_ln1192_61_fu_6339_p2   |         +|   0|  0|   47|          40|          40|
    |add_ln1192_62_fu_6375_p2   |         +|   0|  0|   47|          40|          40|
    |add_ln1192_64_fu_6883_p2   |         +|   0|  0|   47|          40|          40|
    |add_ln1192_65_fu_6916_p2   |         +|   0|  0|   47|          40|          40|
    |add_ln1192_66_fu_6966_p2   |         +|   0|  0|   47|          40|          40|
    |add_ln1192_67_fu_6989_p2   |         +|   0|  0|   47|          40|          40|
    |add_ln1192_68_fu_7012_p2   |         +|   0|  0|   47|          40|          40|
    |add_ln1192_69_fu_7044_p2   |         +|   0|  0|   47|          40|          40|
    |add_ln1192_6_fu_4440_p2    |         +|   0|  0|   47|          40|          40|
    |add_ln1192_70_fu_7077_p2   |         +|   0|  0|   47|          40|          40|
    |add_ln1192_71_fu_7127_p2   |         +|   0|  0|   47|          40|          40|
    |add_ln1192_72_fu_7150_p2   |         +|   0|  0|   47|          40|          40|
    |add_ln1192_73_fu_7173_p2   |         +|   0|  0|   47|          40|          40|
    |add_ln1192_74_fu_7205_p2   |         +|   0|  0|   47|          40|          40|
    |add_ln1192_75_fu_7238_p2   |         +|   0|  0|   47|          40|          40|
    |add_ln1192_76_fu_7288_p2   |         +|   0|  0|   47|          40|          40|
    |add_ln1192_77_fu_7311_p2   |         +|   0|  0|   47|          40|          40|
    |add_ln1192_78_fu_7334_p2   |         +|   0|  0|   47|          40|          40|
    |add_ln1192_79_fu_7366_p2   |         +|   0|  0|   47|          40|          40|
    |add_ln1192_7_fu_4493_p2    |         +|   0|  0|   47|          40|          40|
    |add_ln1192_80_fu_7399_p2   |         +|   0|  0|   47|          40|          40|
    |add_ln1192_81_fu_7449_p2   |         +|   0|  0|   47|          40|          40|
    |add_ln1192_82_fu_7472_p2   |         +|   0|  0|   47|          40|          40|
    |add_ln1192_83_fu_7495_p2   |         +|   0|  0|   47|          40|          40|
    |add_ln1192_84_fu_7527_p2   |         +|   0|  0|   47|          40|          40|
    |add_ln1192_85_fu_7560_p2   |         +|   0|  0|   47|          40|          40|
    |add_ln1192_86_fu_7610_p2   |         +|   0|  0|   47|          40|          40|
    |add_ln1192_87_fu_7633_p2   |         +|   0|  0|   47|          40|          40|
    |add_ln1192_88_fu_7656_p2   |         +|   0|  0|   47|          40|          40|
    |add_ln1192_89_fu_7688_p2   |         +|   0|  0|   47|          40|          40|
    |add_ln1192_8_fu_4520_p2    |         +|   0|  0|   47|          40|          40|
    |add_ln1192_90_fu_7721_p2   |         +|   0|  0|   47|          40|          40|
    |add_ln1192_91_fu_7762_p2   |         +|   0|  0|   47|          40|          40|
    |add_ln1192_92_fu_7785_p2   |         +|   0|  0|   47|          40|          40|
    |add_ln1192_93_fu_7816_p2   |         +|   0|  0|   47|          40|          40|
    |add_ln1192_94_fu_7849_p2   |         +|   0|  0|   47|          40|          40|
    |add_ln1192_95_fu_8309_p2   |         +|   0|  0|   47|          40|          40|
    |add_ln1192_96_fu_8342_p2   |         +|   0|  0|   47|          40|          40|
    |add_ln1192_97_fu_8392_p2   |         +|   0|  0|   47|          40|          40|
    |add_ln1192_98_fu_8415_p2   |         +|   0|  0|   47|          40|          40|
    |add_ln1192_99_fu_8438_p2   |         +|   0|  0|   47|          40|          40|
    |add_ln1192_9_fu_4547_p2    |         +|   0|  0|   47|          40|          40|
    |add_ln1192_fu_4234_p2      |         +|   0|  0|   47|          40|          40|
    |add_ln12_1_fu_3518_p2      |         +|   0|  0|   21|          14|           1|
    |add_ln12_fu_3530_p2        |         +|   0|  0|   14|           7|           1|
    |add_ln15_fu_3586_p2        |         +|   0|  0|   15|           8|           1|
    |add_ln26_fu_4176_p2        |         +|   0|  0|   13|           6|           1|
    |add_ln40_fu_6825_p2        |         +|   0|  0|   12|           5|           1|
    |add_ln4_fu_3230_p2         |         +|   0|  0|   15|           8|           1|
    |add_ln54_fu_8251_p2        |         +|   0|  0|   12|           4|           1|
    |add_ln581_fu_3327_p2       |         +|   0|  0|   19|          12|           5|
    |add_ln66_fu_3647_p2        |         +|   0|  0|   14|           7|           1|
    |add_ln78_fu_6392_p2        |         +|   0|  0|   13|           6|           1|
    |add_ln89_fu_7866_p2        |         +|   0|  0|   12|           5|           1|
    |add_ln908_1_fu_6563_p2     |         +|   0|  0|   39|          32|           7|
    |add_ln908_2_fu_8037_p2     |         +|   0|  0|   39|          32|           7|
    |add_ln908_fu_3818_p2       |         +|   0|  0|   39|          32|           7|
    |add_ln915_1_fu_6665_p2     |         +|   0|  0|   17|          11|          11|
    |add_ln915_2_fu_8139_p2     |         +|   0|  0|   17|          11|          11|
    |add_ln915_fu_3920_p2       |         +|   0|  0|   17|          11|          11|
    |lsb_index_1_fu_6461_p2     |         +|   0|  0|   39|          32|           7|
    |lsb_index_2_fu_7935_p2     |         +|   0|  0|   39|          32|           7|
    |lsb_index_fu_3716_p2       |         +|   0|  0|   39|          32|           7|
    |m_11_fu_8098_p2            |         +|   0|  0|   71|          64|          64|
    |m_4_fu_3879_p2             |         +|   0|  0|   71|          64|          64|
    |m_6_fu_6624_p2             |         +|   0|  0|   71|          64|          64|
    |ret_V_fu_3627_p2           |         +|   0|  0|   47|          40|          40|
    |F2_fu_3292_p2              |         -|   0|  0|   19|          11|          12|
    |man_V_1_fu_3309_p2         |         -|   0|  0|   61|           1|          54|
    |sub_ln581_fu_3332_p2       |         -|   0|  0|   19|           4|          12|
    |sub_ln894_1_fu_6455_p2     |         -|   0|  0|   39|           6|          32|
    |sub_ln894_2_fu_7929_p2     |         -|   0|  0|   39|           6|          32|
    |sub_ln894_fu_3710_p2       |         -|   0|  0|   39|           6|          32|
    |sub_ln897_1_fu_6487_p2     |         -|   0|  0|   13|           5|           6|
    |sub_ln897_2_fu_7961_p2     |         -|   0|  0|   13|           5|           6|
    |sub_ln897_fu_3742_p2       |         -|   0|  0|   13|           5|           6|
    |sub_ln909_1_fu_6575_p2     |         -|   0|  0|   39|           6|          32|
    |sub_ln909_2_fu_8049_p2     |         -|   0|  0|   39|           6|          32|
    |sub_ln909_fu_3830_p2       |         -|   0|  0|   39|           6|          32|
    |sub_ln915_1_fu_6660_p2     |         -|   0|  0|   17|           5|          11|
    |sub_ln915_2_fu_8134_p2     |         -|   0|  0|   17|           5|          11|
    |sub_ln915_fu_3915_p2       |         -|   0|  0|   17|           5|          11|
    |tmp_V_2_fu_6423_p2         |         -|   0|  0|   39|           1|          32|
    |tmp_V_4_fu_7897_p2         |         -|   0|  0|   39|           1|          32|
    |tmp_V_fu_3678_p2           |         -|   0|  0|   39|           1|          32|
    |and_ln1506_1_fu_6721_p2    |       and|   0|  0|    2|           1|           1|
    |and_ln1506_2_fu_8195_p2    |       and|   0|  0|    2|           1|           1|
    |and_ln1506_fu_3976_p2      |       and|   0|  0|    2|           1|           1|
    |and_ln581_fu_3431_p2       |       and|   0|  0|    2|           1|           1|
    |and_ln582_fu_3414_p2       |       and|   0|  0|    2|           1|           1|
    |and_ln585_fu_3443_p2       |       and|   0|  0|    2|           1|           1|
    |and_ln603_fu_3461_p2       |       and|   0|  0|    2|           1|           1|
    |and_ln899_1_fu_3824_p2     |       and|   0|  0|    2|           1|           1|
    |and_ln899_2_fu_6515_p2     |       and|   0|  0|   32|          32|          32|
    |and_ln899_3_fu_6569_p2     |       and|   0|  0|    2|           1|           1|
    |and_ln899_4_fu_7989_p2     |       and|   0|  0|   32|          32|          32|
    |and_ln899_5_fu_8043_p2     |       and|   0|  0|    2|           1|           1|
    |and_ln899_fu_3770_p2       |       and|   0|  0|   32|          32|          32|
    |ashr_ln586_fu_3378_p2      |      ashr|   0|  0|  159|          54|          54|
    |icmp_ln105_fu_8777_p2      |      icmp|   0|  0|    9|           4|           4|
    |icmp_ln12_fu_3524_p2       |      icmp|   0|  0|   12|          14|          12|
    |icmp_ln1494_fu_8794_p2     |      icmp|   0|  0|   20|          32|          32|
    |icmp_ln1506_1_fu_3966_p2   |      icmp|   0|  0|   24|          52|           1|
    |icmp_ln1506_2_fu_6705_p2   |      icmp|   0|  0|   11|          11|           2|
    |icmp_ln1506_3_fu_6711_p2   |      icmp|   0|  0|   24|          52|           1|
    |icmp_ln1506_4_fu_8179_p2   |      icmp|   0|  0|   11|          11|           2|
    |icmp_ln1506_5_fu_8185_p2   |      icmp|   0|  0|   24|          52|           1|
    |icmp_ln1506_fu_3960_p2     |      icmp|   0|  0|   11|          11|           2|
    |icmp_ln15_fu_3536_p2       |      icmp|   0|  0|   11|           8|           6|
    |icmp_ln26_fu_4182_p2       |      icmp|   0|  0|   10|           6|           7|
    |icmp_ln40_fu_6831_p2       |      icmp|   0|  0|   10|           5|           6|
    |icmp_ln4_fu_3236_p2        |      icmp|   0|  0|   11|           8|           6|
    |icmp_ln54_fu_8257_p2       |      icmp|   0|  0|    9|           4|           4|
    |icmp_ln571_fu_3286_p2      |      icmp|   0|  0|   28|          63|           1|
    |icmp_ln581_fu_3322_p2      |      icmp|   0|  0|   12|          12|           4|
    |icmp_ln582_fu_3349_p2      |      icmp|   0|  0|   12|          12|           4|
    |icmp_ln585_fu_3437_p2      |      icmp|   0|  0|   12|          12|           6|
    |icmp_ln603_fu_3368_p2      |      icmp|   0|  0|   10|           7|           1|
    |icmp_ln66_fu_3653_p2       |      icmp|   0|  0|   11|           7|           8|
    |icmp_ln78_fu_6398_p2       |      icmp|   0|  0|   10|           6|           7|
    |icmp_ln885_1_fu_6409_p2    |      icmp|   0|  0|   20|          32|           1|
    |icmp_ln885_2_fu_7883_p2    |      icmp|   0|  0|   20|          32|           1|
    |icmp_ln885_fu_3664_p2      |      icmp|   0|  0|   20|          32|           1|
    |icmp_ln896_1_fu_6477_p2    |      icmp|   0|  0|   19|          31|           1|
    |icmp_ln896_2_fu_7951_p2    |      icmp|   0|  0|   19|          31|           1|
    |icmp_ln896_fu_3732_p2      |      icmp|   0|  0|   19|          31|           1|
    |icmp_ln899_1_fu_6521_p2    |      icmp|   0|  0|   20|          32|           1|
    |icmp_ln899_2_fu_7995_p2    |      icmp|   0|  0|   20|          32|           1|
    |icmp_ln899_fu_3776_p2      |      icmp|   0|  0|   20|          32|           1|
    |icmp_ln89_fu_7872_p2       |      icmp|   0|  0|   10|           5|           6|
    |icmp_ln908_1_fu_6549_p2    |      icmp|   0|  0|   20|          32|           1|
    |icmp_ln908_2_fu_8023_p2    |      icmp|   0|  0|   20|          32|           1|
    |icmp_ln908_fu_3804_p2      |      icmp|   0|  0|   20|          32|           1|
    |ifzero_fu_3592_p2          |      icmp|   0|  0|   11|           8|           6|
    |lshr_ln897_1_fu_6497_p2    |      lshr|   0|  0|  100|           2|          32|
    |lshr_ln897_2_fu_7971_p2    |      lshr|   0|  0|  100|           2|          32|
    |lshr_ln897_fu_3752_p2      |      lshr|   0|  0|  100|           2|          32|
    |lshr_ln908_1_fu_6599_p2    |      lshr|   0|  0|  179|          64|          64|
    |lshr_ln908_2_fu_8073_p2    |      lshr|   0|  0|  179|          64|          64|
    |lshr_ln908_fu_3854_p2      |      lshr|   0|  0|  179|          64|          64|
    |or_ln1506_1_fu_6717_p2     |        or|   0|  0|    2|           1|           1|
    |or_ln1506_2_fu_8191_p2     |        or|   0|  0|    2|           1|           1|
    |or_ln1506_fu_3972_p2       |        or|   0|  0|    2|           1|           1|
    |or_ln571_1_fu_3503_p2      |        or|   0|  0|    2|           1|           1|
    |or_ln571_fu_3474_p2        |        or|   0|  0|    2|           1|           1|
    |or_ln581_fu_3449_p2        |        or|   0|  0|    2|           1|           1|
    |or_ln582_fu_3420_p2        |        or|   0|  0|    2|           1|           1|
    |or_ln899_3_fu_3764_p2      |        or|   0|  0|   32|          32|          32|
    |or_ln899_4_fu_7983_p2      |        or|   0|  0|   32|          32|          32|
    |or_ln899_fu_6509_p2        |        or|   0|  0|   32|          32|          32|
    |m_10_fu_8088_p3            |    select|   0|  0|   56|           1|          64|
    |m_3_fu_3869_p3             |    select|   0|  0|   56|           1|          64|
    |m_5_fu_6614_p3             |    select|   0|  0|   56|           1|          64|
    |man_V_2_fu_3315_p3         |    select|   0|  0|   53|           1|          54|
    |max_idx_1_fu_8812_p3       |    select|   0|  0|   32|           1|          32|
    |max_val_V_2_fu_8800_p3     |    select|   0|  0|   32|           1|          32|
    |new_input_V_d0             |    select|   0|  0|   32|           1|          32|
    |select_ln12_1_fu_3550_p3   |    select|   0|  0|    7|           1|           7|
    |select_ln12_2_fu_3612_p3   |    select|   0|  0|   32|           1|           1|
    |select_ln12_fu_3542_p3     |    select|   0|  0|    8|           1|           1|
    |select_ln571_1_fu_3479_p3  |    select|   0|  0|   32|           1|          32|
    |select_ln571_2_fu_3487_p3  |    select|   0|  0|   32|           1|          32|
    |select_ln571_3_fu_3495_p3  |    select|   0|  0|   32|           1|          32|
    |select_ln571_fu_3467_p3    |    select|   0|  0|   32|           1|           1|
    |select_ln588_fu_3395_p3    |    select|   0|  0|    2|           1|           2|
    |select_ln893_1_fu_6652_p3  |    select|   0|  0|    9|           1|          10|
    |select_ln893_2_fu_8126_p3  |    select|   0|  0|    9|           1|          10|
    |select_ln893_fu_3907_p3    |    select|   0|  0|    9|           1|          10|
    |select_ln896_1_fu_6555_p3  |    select|   0|  0|    2|           1|           1|
    |select_ln896_2_fu_8029_p3  |    select|   0|  0|    2|           1|           1|
    |select_ln896_fu_3810_p3    |    select|   0|  0|    2|           1|           1|
    |select_ln908_2_fu_6581_p3  |    select|   0|  0|    2|           1|           1|
    |select_ln908_4_fu_8055_p3  |    select|   0|  0|    2|           1|           1|
    |select_ln908_fu_3836_p3    |    select|   0|  0|    2|           1|           1|
    |sh_amt_fu_3337_p3          |    select|   0|  0|   12|           1|          12|
    |tmp_V_6_fu_3684_p3         |    select|   0|  0|   32|           1|          32|
    |tmp_V_7_fu_6429_p3         |    select|   0|  0|   32|           1|          32|
    |tmp_V_8_fu_7903_p3         |    select|   0|  0|   32|           1|          32|
    |shl_ln604_fu_3403_p2       |       shl|   0|  0|  100|          32|          32|
    |shl_ln899_1_fu_6503_p2     |       shl|   0|  0|  100|           1|          32|
    |shl_ln899_2_fu_7977_p2     |       shl|   0|  0|  100|           1|          32|
    |shl_ln899_fu_3758_p2       |       shl|   0|  0|  100|           1|          32|
    |shl_ln909_1_fu_6608_p2     |       shl|   0|  0|  179|          64|          64|
    |shl_ln909_2_fu_8082_p2     |       shl|   0|  0|  179|          64|          64|
    |shl_ln909_fu_3863_p2       |       shl|   0|  0|  179|          64|          64|
    |ap_enable_pp0              |       xor|   0|  0|    2|           1|           2|
    |ap_enable_pp1              |       xor|   0|  0|    2|           1|           2|
    |ap_enable_pp2              |       xor|   0|  0|    2|           1|           2|
    |ap_enable_pp3              |       xor|   0|  0|    2|           1|           2|
    |ap_enable_pp4              |       xor|   0|  0|    2|           1|           2|
    |ap_enable_pp5              |       xor|   0|  0|    2|           1|           2|
    |ap_enable_pp6              |       xor|   0|  0|    2|           1|           2|
    |ap_enable_pp7              |       xor|   0|  0|    2|           1|           2|
    |ap_enable_pp8              |       xor|   0|  0|    2|           1|           2|
    |ap_enable_reg_pp0_iter1    |       xor|   0|  0|    2|           2|           1|
    |ap_enable_reg_pp1_iter1    |       xor|   0|  0|    2|           2|           1|
    |ap_enable_reg_pp2_iter1    |       xor|   0|  0|    2|           2|           1|
    |ap_enable_reg_pp3_iter1    |       xor|   0|  0|    2|           2|           1|
    |ap_enable_reg_pp4_iter1    |       xor|   0|  0|    2|           2|           1|
    |ap_enable_reg_pp5_iter1    |       xor|   0|  0|    2|           2|           1|
    |ap_enable_reg_pp6_iter1    |       xor|   0|  0|    2|           2|           1|
    |ap_enable_reg_pp7_iter1    |       xor|   0|  0|    2|           2|           1|
    |ap_enable_reg_pp8_iter1    |       xor|   0|  0|    2|           2|           1|
    |xor_ln571_fu_3409_p2       |       xor|   0|  0|    2|           1|           2|
    |xor_ln581_fu_3455_p2       |       xor|   0|  0|    2|           1|           2|
    |xor_ln582_fu_3425_p2       |       xor|   0|  0|    2|           1|           2|
    |xor_ln899_1_fu_6535_p2     |       xor|   0|  0|    2|           1|           2|
    |xor_ln899_2_fu_8009_p2     |       xor|   0|  0|    2|           1|           2|
    |xor_ln899_fu_3790_p2       |       xor|   0|  0|    2|           1|           2|
    +---------------------------+----------+----+---+-----+------------+------------+
    |Total                      |          |   0|  0| 9799|        6534|        6759|
    +---------------------------+----------+----+---+-----+------------+------------+

    * Multiplexer: 
    +-----------------------------------+-----+-----------+-----+-----------+
    |                Name               | LUT | Input Size| Bits| Total Bits|
    +-----------------------------------+-----+-----------+-----+-----------+
    |ap_NS_fsm                          |  408|         77|    1|         77|
    |ap_enable_reg_pp0_iter1            |    9|          2|    1|          2|
    |ap_enable_reg_pp0_iter3            |    9|          2|    1|          2|
    |ap_enable_reg_pp1_iter1            |    9|          2|    1|          2|
    |ap_enable_reg_pp1_iter2            |    9|          2|    1|          2|
    |ap_enable_reg_pp2_iter1            |    9|          2|    1|          2|
    |ap_enable_reg_pp2_iter3            |    9|          2|    1|          2|
    |ap_enable_reg_pp3_iter1            |    9|          2|    1|          2|
    |ap_enable_reg_pp3_iter14           |    9|          2|    1|          2|
    |ap_enable_reg_pp4_iter1            |    9|          2|    1|          2|
    |ap_enable_reg_pp4_iter3            |    9|          2|    1|          2|
    |ap_enable_reg_pp5_iter1            |    9|          2|    1|          2|
    |ap_enable_reg_pp5_iter7            |    9|          2|    1|          2|
    |ap_enable_reg_pp6_iter1            |    9|          2|    1|          2|
    |ap_enable_reg_pp6_iter3            |    9|          2|    1|          2|
    |ap_enable_reg_pp7_iter1            |    9|          2|    1|          2|
    |ap_enable_reg_pp7_iter4            |    9|          2|    1|          2|
    |ap_enable_reg_pp8_iter1            |   14|          3|    1|          3|
    |ap_phi_mux_i_4_phi_fu_3191_p4      |    9|          2|    4|          8|
    |ap_phi_mux_j_phi_fu_3091_p4        |    9|          2|    7|         14|
    |ap_phi_mux_k_phi_fu_3102_p4        |    9|          2|    8|         16|
    |ap_phi_mux_sum_V_2_phi_fu_3113_p4  |    9|          2|   32|         64|
    |grp_fu_3225_p0                     |   20|          4|   64|        256|
    |i_1_reg_3121                       |    9|          2|    7|         14|
    |i_2_reg_3143                       |    9|          2|    6|         12|
    |i_3_reg_3165                       |    9|          2|    5|         10|
    |i_4_reg_3187                       |    9|          2|    4|          8|
    |i_reg_3065                         |    9|          2|    8|         16|
    |indvar_flatten_reg_3076            |    9|          2|   14|         28|
    |j_1_reg_3132                       |    9|          2|    6|         12|
    |j_2_reg_3154                       |    9|          2|    5|         10|
    |j_3_reg_3176                       |    9|          2|    4|          8|
    |j_reg_3087                         |    9|          2|    7|         14|
    |k_reg_3098                         |    9|          2|    8|         16|
    |max_idx_reg_3199                   |    9|          2|   32|         64|
    |max_val_V_1_reg_3212               |    9|          2|   32|         64|
    |new_input_V_address0               |   14|          3|    8|         24|
    |sum_V_2_reg_3109                   |    9|          2|   32|         64|
    |temp_output2_V_0_address0          |   93|         19|    5|         95|
    |temp_output2_V_0_address1          |   87|         18|    5|         90|
    |temp_output2_V_0_d0                |   14|          3|   32|         96|
    |temp_output3_V_0_address0          |   59|         11|    4|         44|
    |temp_output3_V_0_address1          |   54|         10|    4|         40|
    |temp_output3_V_0_d0                |   14|          3|   32|         96|
    |temp_output4_V_0_address0          |   20|          4|    4|         16|
    |temp_output_V_0_address0           |  159|         35|    6|        210|
    |temp_output_V_0_address1           |  155|         34|    6|        204|
    |temp_output_V_0_d0                 |   14|          3|   32|         96|
    +-----------------------------------+-----+-----------+-----+-----------+
    |Total                              | 1431|        295|  441|       1821|
    +-----------------------------------+-----+-----------+-----+-----------+

    * Register: 
    +-----------------------------------------+-----+----+-----+-----------+
    |                   Name                  |  FF | LUT| Bits| Const Bits|
    +-----------------------------------------+-----+----+-----+-----------+
    |F2_reg_8867                              |   12|   0|   12|          0|
    |add_ln105_reg_11916                      |    4|   0|    4|          0|
    |add_ln15_reg_8905                        |    8|   0|    8|          0|
    |add_ln908_1_reg_10613                    |   32|   0|   32|          0|
    |add_ln908_2_reg_11475                    |   32|   0|   32|          0|
    |add_ln908_reg_8954                       |   32|   0|   32|          0|
    |ap_CS_fsm                                |   76|   0|   76|          0|
    |ap_enable_reg_pp0_iter0                  |    1|   0|    1|          0|
    |ap_enable_reg_pp0_iter1                  |    1|   0|    1|          0|
    |ap_enable_reg_pp0_iter2                  |    1|   0|    1|          0|
    |ap_enable_reg_pp0_iter3                  |    1|   0|    1|          0|
    |ap_enable_reg_pp1_iter0                  |    1|   0|    1|          0|
    |ap_enable_reg_pp1_iter1                  |    1|   0|    1|          0|
    |ap_enable_reg_pp1_iter2                  |    1|   0|    1|          0|
    |ap_enable_reg_pp2_iter0                  |    1|   0|    1|          0|
    |ap_enable_reg_pp2_iter1                  |    1|   0|    1|          0|
    |ap_enable_reg_pp2_iter2                  |    1|   0|    1|          0|
    |ap_enable_reg_pp2_iter3                  |    1|   0|    1|          0|
    |ap_enable_reg_pp3_iter0                  |    1|   0|    1|          0|
    |ap_enable_reg_pp3_iter1                  |    1|   0|    1|          0|
    |ap_enable_reg_pp3_iter10                 |    1|   0|    1|          0|
    |ap_enable_reg_pp3_iter11                 |    1|   0|    1|          0|
    |ap_enable_reg_pp3_iter12                 |    1|   0|    1|          0|
    |ap_enable_reg_pp3_iter13                 |    1|   0|    1|          0|
    |ap_enable_reg_pp3_iter14                 |    1|   0|    1|          0|
    |ap_enable_reg_pp3_iter2                  |    1|   0|    1|          0|
    |ap_enable_reg_pp3_iter3                  |    1|   0|    1|          0|
    |ap_enable_reg_pp3_iter4                  |    1|   0|    1|          0|
    |ap_enable_reg_pp3_iter5                  |    1|   0|    1|          0|
    |ap_enable_reg_pp3_iter6                  |    1|   0|    1|          0|
    |ap_enable_reg_pp3_iter7                  |    1|   0|    1|          0|
    |ap_enable_reg_pp3_iter8                  |    1|   0|    1|          0|
    |ap_enable_reg_pp3_iter9                  |    1|   0|    1|          0|
    |ap_enable_reg_pp4_iter0                  |    1|   0|    1|          0|
    |ap_enable_reg_pp4_iter1                  |    1|   0|    1|          0|
    |ap_enable_reg_pp4_iter2                  |    1|   0|    1|          0|
    |ap_enable_reg_pp4_iter3                  |    1|   0|    1|          0|
    |ap_enable_reg_pp5_iter0                  |    1|   0|    1|          0|
    |ap_enable_reg_pp5_iter1                  |    1|   0|    1|          0|
    |ap_enable_reg_pp5_iter2                  |    1|   0|    1|          0|
    |ap_enable_reg_pp5_iter3                  |    1|   0|    1|          0|
    |ap_enable_reg_pp5_iter4                  |    1|   0|    1|          0|
    |ap_enable_reg_pp5_iter5                  |    1|   0|    1|          0|
    |ap_enable_reg_pp5_iter6                  |    1|   0|    1|          0|
    |ap_enable_reg_pp5_iter7                  |    1|   0|    1|          0|
    |ap_enable_reg_pp6_iter0                  |    1|   0|    1|          0|
    |ap_enable_reg_pp6_iter1                  |    1|   0|    1|          0|
    |ap_enable_reg_pp6_iter2                  |    1|   0|    1|          0|
    |ap_enable_reg_pp6_iter3                  |    1|   0|    1|          0|
    |ap_enable_reg_pp7_iter0                  |    1|   0|    1|          0|
    |ap_enable_reg_pp7_iter1                  |    1|   0|    1|          0|
    |ap_enable_reg_pp7_iter2                  |    1|   0|    1|          0|
    |ap_enable_reg_pp7_iter3                  |    1|   0|    1|          0|
    |ap_enable_reg_pp7_iter4                  |    1|   0|    1|          0|
    |ap_enable_reg_pp8_iter0                  |    1|   0|    1|          0|
    |ap_enable_reg_pp8_iter1                  |    1|   0|    1|          0|
    |i_1_reg_3121                             |    7|   0|    7|          0|
    |i_2_reg_3143                             |    6|   0|    6|          0|
    |i_3_reg_3165                             |    5|   0|    5|          0|
    |i_4_reg_3187                             |    4|   0|    4|          0|
    |i_cast_reg_8829                          |    8|   0|   64|         56|
    |i_reg_3065                               |    8|   0|    8|          0|
    |icmp_ln105_reg_11912                     |    1|   0|    1|          0|
    |icmp_ln12_reg_8880                       |    1|   0|    1|          0|
    |icmp_ln12_reg_8880_pp1_iter1_reg         |    1|   0|    1|          0|
    |icmp_ln1506_1_reg_8984                   |    1|   0|    1|          0|
    |icmp_ln1506_2_reg_10638                  |    1|   0|    1|          0|
    |icmp_ln1506_3_reg_10643                  |    1|   0|    1|          0|
    |icmp_ln1506_4_reg_11500                  |    1|   0|    1|          0|
    |icmp_ln1506_5_reg_11505                  |    1|   0|    1|          0|
    |icmp_ln1506_reg_8979                     |    1|   0|    1|          0|
    |icmp_ln15_reg_8884                       |    1|   0|    1|          0|
    |icmp_ln26_reg_9947                       |    1|   0|    1|          0|
    |icmp_ln40_reg_11126                      |    1|   0|    1|          0|
    |icmp_ln4_reg_8825                        |    1|   0|    1|          0|
    |icmp_ln54_reg_11748                      |    1|   0|    1|          0|
    |icmp_ln571_reg_8859                      |    1|   0|    1|          0|
    |icmp_ln885_1_reg_10594                   |    1|   0|    1|          0|
    |icmp_ln885_1_reg_10594_pp4_iter2_reg     |    1|   0|    1|          0|
    |icmp_ln885_2_reg_11456                   |    1|   0|    1|          0|
    |icmp_ln885_2_reg_11456_pp6_iter2_reg     |    1|   0|    1|          0|
    |icmp_ln885_reg_8935                      |    1|   0|    1|          0|
    |icmp_ln885_reg_8935_pp2_iter2_reg        |    1|   0|    1|          0|
    |icmp_ln908_1_reg_10608                   |    1|   0|    1|          0|
    |icmp_ln908_2_reg_11470                   |    1|   0|    1|          0|
    |icmp_ln908_reg_8949                      |    1|   0|    1|          0|
    |ifzero_reg_8910                          |    1|   0|    1|          0|
    |ifzero_reg_8910_pp1_iter1_reg            |    1|   0|    1|          0|
    |indvar_flatten_reg_3076                  |   14|   0|   14|          0|
    |input_img_load_reg_8839                  |   32|   0|   32|          0|
    |input_img_load_reg_8839_pp0_iter2_reg    |   32|   0|   32|          0|
    |j_1_cast_reg_9951                        |    6|   0|   64|         58|
    |j_1_reg_3132                             |    6|   0|    6|          0|
    |j_2_cast_reg_11130                       |    5|   0|   64|         59|
    |j_2_reg_3154                             |    5|   0|    5|          0|
    |j_3_cast_reg_11752                       |    4|   0|   64|         60|
    |j_3_reg_3176                             |    4|   0|    4|          0|
    |j_reg_3087                               |    7|   0|    7|          0|
    |k_reg_3098                               |    8|   0|    8|          0|
    |layer3_weights_V_30_load_reg_11431       |   10|   0|   10|          0|
    |layer4_weights_V_14_load_reg_11892       |    8|   0|    8|          0|
    |max_idx_reg_3199                         |   32|   0|   32|          0|
    |max_val_V_1_reg_3212                     |   32|   0|   32|          0|
    |mul_ln1118_10_reg_10194                  |   39|   0|   39|          0|
    |mul_ln1118_13_reg_10224                  |   39|   0|   39|          0|
    |mul_ln1118_14_reg_10234                  |   39|   0|   39|          0|
    |mul_ln1118_17_reg_10279                  |   39|   0|   39|          0|
    |mul_ln1118_18_reg_10284                  |   39|   0|   39|          0|
    |mul_ln1118_19_reg_10329                  |   39|   0|   39|          0|
    |mul_ln1118_1_reg_10059                   |   39|   0|   39|          0|
    |mul_ln1118_20_reg_10359                  |   39|   0|   39|          0|
    |mul_ln1118_22_reg_10404                  |   39|   0|   39|          0|
    |mul_ln1118_24_reg_10449                  |   39|   0|   39|          0|
    |mul_ln1118_25_reg_10459                  |   39|   0|   39|          0|
    |mul_ln1118_28_reg_10494                  |   39|   0|   39|          0|
    |mul_ln1118_29_reg_10504                  |   39|   0|   39|          0|
    |mul_ln1118_30_reg_10509                  |   39|   0|   39|          0|
    |mul_ln1118_32_reg_10549                  |   39|   0|   39|          0|
    |mul_ln1118_33_reg_10554                  |   39|   0|   39|          0|
    |mul_ln1118_3_reg_10089                   |   39|   0|   39|          0|
    |mul_ln1118_4_reg_10099                   |   39|   0|   39|          0|
    |mul_ln1118_5_reg_10104                   |   39|   0|   39|          0|
    |mul_ln1118_8_reg_10149                   |   39|   0|   39|          0|
    |mul_ln1118_reg_10044                     |   39|   0|   39|          0|
    |mul_ln1192_12_reg_10314                  |   40|   0|   40|          0|
    |mul_ln1192_13_reg_10324                  |   40|   0|   40|          0|
    |mul_ln1192_16_reg_10374                  |   40|   0|   40|          0|
    |mul_ln1192_18_reg_10414                  |   40|   0|   40|          0|
    |mul_ln1192_19_reg_10419                  |   40|   0|   40|          0|
    |mul_ln1192_21_reg_10464                  |   40|   0|   40|          0|
    |mul_ln1192_23_reg_10539                  |   40|   0|   40|          0|
    |mul_ln1192_27_reg_11191                  |   40|   0|   40|          0|
    |mul_ln1192_28_reg_11206                  |   40|   0|   40|          0|
    |mul_ln1192_2_reg_10054                   |   40|   0|   40|          0|
    |mul_ln1192_31_reg_11236                  |   40|   0|   40|          0|
    |mul_ln1192_32_reg_11251                  |   40|   0|   40|          0|
    |mul_ln1192_35_reg_11281                  |   40|   0|   40|          0|
    |mul_ln1192_36_reg_11291                  |   40|   0|   40|          0|
    |mul_ln1192_37_reg_11296                  |   40|   0|   40|          0|
    |mul_ln1192_40_reg_11326                  |   40|   0|   40|          0|
    |mul_ln1192_41_reg_11341                  |   40|   0|   40|          0|
    |mul_ln1192_44_reg_11371                  |   40|   0|   40|          0|
    |mul_ln1192_45_reg_11381                  |   40|   0|   40|          0|
    |mul_ln1192_46_reg_11386                  |   40|   0|   40|          0|
    |mul_ln1192_48_reg_11416                  |   40|   0|   40|          0|
    |mul_ln1192_49_reg_11426                  |   40|   0|   40|          0|
    |mul_ln1192_4_reg_10134                   |   40|   0|   40|          0|
    |mul_ln1192_53_reg_11797                  |   40|   0|   40|          0|
    |mul_ln1192_54_reg_11807                  |   40|   0|   40|          0|
    |mul_ln1192_55_reg_11812                  |   40|   0|   40|          0|
    |mul_ln1192_58_reg_11842                  |   40|   0|   40|          0|
    |mul_ln1192_59_reg_11852                  |   40|   0|   40|          0|
    |mul_ln1192_5_reg_10144                   |   40|   0|   40|          0|
    |mul_ln1192_60_reg_11857                  |   40|   0|   40|          0|
    |mul_ln1192_6_reg_10179                   |   40|   0|   40|          0|
    |mul_ln1192_7_reg_10189                   |   40|   0|   40|          0|
    |mul_ln1192_8_reg_10239                   |   40|   0|   40|          0|
    |mul_ln1192_9_reg_10269                   |   40|   0|   40|          0|
    |mul_ln703_2_reg_10369                    |   40|   0|   40|          0|
    |mul_ln703_3_reg_11201                    |   40|   0|   40|          0|
    |mul_ln703_4_reg_11246                    |   40|   0|   40|          0|
    |mul_ln703_5_reg_11336                    |   40|   0|   40|          0|
    |mul_ln703_8_reg_11882                    |   40|   0|   40|          0|
    |p_Result_12_reg_8849                     |    1|   0|    1|          0|
    |p_Result_14_reg_8939                     |    1|   0|    1|          0|
    |p_Result_18_reg_10598                    |    1|   0|    1|          0|
    |p_Result_22_reg_11460                    |    1|   0|    1|          0|
    |select_ln12_1_reg_8889                   |    7|   0|    7|          0|
    |select_ln12_1_reg_8889_pp1_iter1_reg     |    7|   0|    7|          0|
    |select_ln908_2_reg_10623                 |    1|   0|    1|          0|
    |select_ln908_4_reg_11485                 |    1|   0|    1|          0|
    |select_ln908_reg_8964                    |    1|   0|    1|          0|
    |sext_ln1116_10_reg_9702                  |   40|   0|   40|          0|
    |sext_ln1116_11_reg_9707                  |   39|   0|   39|          0|
    |sext_ln1116_12_reg_9722                  |   39|   0|   39|          0|
    |sext_ln1116_13_reg_9727                  |   39|   0|   39|          0|
    |sext_ln1116_14_reg_9732                  |   39|   0|   39|          0|
    |sext_ln1116_15_reg_9737                  |   39|   0|   39|          0|
    |sext_ln1116_16_reg_9742                  |   39|   0|   39|          0|
    |sext_ln1116_17_reg_9752                  |   39|   0|   39|          0|
    |sext_ln1116_18_reg_9757                  |   39|   0|   39|          0|
    |sext_ln1116_19_reg_9767                  |   39|   0|   39|          0|
    |sext_ln1116_1_reg_9637                   |   39|   0|   39|          0|
    |sext_ln1116_20_reg_9772                  |   39|   0|   39|          0|
    |sext_ln1116_21_reg_9797                  |   39|   0|   39|          0|
    |sext_ln1116_22_reg_9812                  |   39|   0|   39|          0|
    |sext_ln1116_23_reg_9817                  |   40|   0|   40|          0|
    |sext_ln1116_24_reg_9827                  |   39|   0|   39|          0|
    |sext_ln1116_25_reg_9837                  |   39|   0|   39|          0|
    |sext_ln1116_26_reg_9852                  |   39|   0|   39|          0|
    |sext_ln1116_27_reg_9862                  |   39|   0|   39|          0|
    |sext_ln1116_28_reg_9867                  |   39|   0|   39|          0|
    |sext_ln1116_29_reg_9877                  |   39|   0|   39|          0|
    |sext_ln1116_2_reg_9647                   |   39|   0|   39|          0|
    |sext_ln1116_30_reg_9882                  |   39|   0|   39|          0|
    |sext_ln1116_31_reg_9887                  |   39|   0|   39|          0|
    |sext_ln1116_32_reg_9892                  |   39|   0|   39|          0|
    |sext_ln1116_33_reg_9897                  |   39|   0|   39|          0|
    |sext_ln1116_34_reg_9902                  |   39|   0|   39|          0|
    |sext_ln1116_35_reg_9917                  |   39|   0|   39|          0|
    |sext_ln1116_36_reg_9922                  |   39|   0|   39|          0|
    |sext_ln1116_37_reg_9927                  |   39|   0|   39|          0|
    |sext_ln1116_38_reg_10981                 |   40|   0|   40|          0|
    |sext_ln1116_39_reg_11006                 |   40|   0|   40|          0|
    |sext_ln1116_3_reg_9652                   |   39|   0|   39|          0|
    |sext_ln1116_40_reg_11056                 |   40|   0|   40|          0|
    |sext_ln1116_41_reg_11096                 |   40|   0|   40|          0|
    |sext_ln1116_42_reg_11673                 |   40|   0|   40|          0|
    |sext_ln1116_43_reg_11728                 |   40|   0|   40|          0|
    |sext_ln1116_44_reg_11733                 |   40|   0|   40|          0|
    |sext_ln1116_4_reg_9662                   |   39|   0|   39|          0|
    |sext_ln1116_5_reg_9667                   |   39|   0|   39|          0|
    |sext_ln1116_6_reg_9672                   |   39|   0|   39|          0|
    |sext_ln1116_7_reg_9677                   |   39|   0|   39|          0|
    |sext_ln1116_8_reg_9682                   |   39|   0|   39|          0|
    |sext_ln1116_9_reg_9697                   |   39|   0|   39|          0|
    |sext_ln1116_reg_9632                     |   40|   0|   40|          0|
    |sext_ln1192_104_reg_11668                |   40|   0|   40|          0|
    |sext_ln1192_105_reg_11678                |   40|   0|   40|          0|
    |sext_ln1192_106_reg_11683                |   40|   0|   40|          0|
    |sext_ln1192_107_reg_11688                |   40|   0|   40|          0|
    |sext_ln1192_108_reg_11693                |   40|   0|   40|          0|
    |sext_ln1192_109_reg_11698                |   40|   0|   40|          0|
    |sext_ln1192_10_reg_9782                  |   40|   0|   40|          0|
    |sext_ln1192_110_reg_11703                |   40|   0|   40|          0|
    |sext_ln1192_111_reg_11708                |   40|   0|   40|          0|
    |sext_ln1192_112_reg_11713                |   40|   0|   40|          0|
    |sext_ln1192_113_reg_11718                |   40|   0|   40|          0|
    |sext_ln1192_114_reg_11723                |   40|   0|   40|          0|
    |sext_ln1192_11_reg_9787                  |   40|   0|   40|          0|
    |sext_ln1192_12_reg_9792                  |   40|   0|   40|          0|
    |sext_ln1192_13_reg_9802                  |   40|   0|   40|          0|
    |sext_ln1192_14_reg_9807                  |   40|   0|   40|          0|
    |sext_ln1192_15_reg_9822                  |   40|   0|   40|          0|
    |sext_ln1192_16_reg_9832                  |   40|   0|   40|          0|
    |sext_ln1192_17_reg_9842                  |   40|   0|   40|          0|
    |sext_ln1192_18_reg_9847                  |   40|   0|   40|          0|
    |sext_ln1192_19_reg_9857                  |   40|   0|   40|          0|
    |sext_ln1192_1_reg_9642                   |   40|   0|   40|          0|
    |sext_ln1192_20_reg_9872                  |   40|   0|   40|          0|
    |sext_ln1192_21_reg_9907                  |   40|   0|   40|          0|
    |sext_ln1192_22_reg_9912                  |   40|   0|   40|          0|
    |sext_ln1192_23_reg_9932                  |   40|   0|   40|          0|
    |sext_ln1192_2_reg_9657                   |   40|   0|   40|          0|
    |sext_ln1192_3_reg_9687                   |   40|   0|   40|          0|
    |sext_ln1192_4_reg_9692                   |   40|   0|   40|          0|
    |sext_ln1192_50_reg_10966                 |   40|   0|   40|          0|
    |sext_ln1192_51_reg_10971                 |   40|   0|   40|          0|
    |sext_ln1192_52_reg_10976                 |   40|   0|   40|          0|
    |sext_ln1192_53_reg_10986                 |   40|   0|   40|          0|
    |sext_ln1192_54_reg_10991                 |   40|   0|   40|          0|
    |sext_ln1192_55_reg_10996                 |   40|   0|   40|          0|
    |sext_ln1192_56_reg_11001                 |   40|   0|   40|          0|
    |sext_ln1192_57_reg_11011                 |   40|   0|   40|          0|
    |sext_ln1192_58_reg_11016                 |   40|   0|   40|          0|
    |sext_ln1192_59_reg_11021                 |   40|   0|   40|          0|
    |sext_ln1192_5_reg_9712                   |   40|   0|   40|          0|
    |sext_ln1192_60_reg_11026                 |   40|   0|   40|          0|
    |sext_ln1192_61_reg_11031                 |   40|   0|   40|          0|
    |sext_ln1192_62_reg_11036                 |   40|   0|   40|          0|
    |sext_ln1192_63_reg_11041                 |   40|   0|   40|          0|
    |sext_ln1192_64_reg_11046                 |   40|   0|   40|          0|
    |sext_ln1192_65_reg_11051                 |   40|   0|   40|          0|
    |sext_ln1192_66_reg_11061                 |   40|   0|   40|          0|
    |sext_ln1192_67_reg_11066                 |   40|   0|   40|          0|
    |sext_ln1192_68_reg_11071                 |   40|   0|   40|          0|
    |sext_ln1192_69_reg_11076                 |   40|   0|   40|          0|
    |sext_ln1192_6_reg_9717                   |   40|   0|   40|          0|
    |sext_ln1192_70_reg_11081                 |   40|   0|   40|          0|
    |sext_ln1192_71_reg_11086                 |   40|   0|   40|          0|
    |sext_ln1192_72_reg_11091                 |   40|   0|   40|          0|
    |sext_ln1192_73_reg_11101                 |   40|   0|   40|          0|
    |sext_ln1192_74_reg_11106                 |   40|   0|   40|          0|
    |sext_ln1192_75_reg_11111                 |   40|   0|   40|          0|
    |sext_ln1192_76_reg_11116                 |   40|   0|   40|          0|
    |sext_ln1192_7_reg_9747                   |   40|   0|   40|          0|
    |sext_ln1192_8_reg_9762                   |   40|   0|   40|          0|
    |sext_ln1192_9_reg_9777                   |   40|   0|   40|          0|
    |sext_ln1192_reg_9627                     |   40|   0|   40|          0|
    |sext_ln708_2_reg_10961                   |   40|   0|   40|          0|
    |sext_ln708_4_reg_11663                   |   40|   0|   40|          0|
    |sext_ln708_reg_9622                      |   40|   0|   40|          0|
    |sub_ln909_1_reg_10618                    |   32|   0|   32|          0|
    |sub_ln909_2_reg_11480                    |   32|   0|   32|          0|
    |sub_ln909_reg_8959                       |   32|   0|   32|          0|
    |sum_V_2_reg_3109                         |   32|   0|   32|          0|
    |sum_V_reg_8914                           |   32|   0|   32|          0|
    |temp_output2_V_0_addr_1_reg_10588        |    5|   0|    5|          0|
    |temp_output2_V_0_load_10_reg_10761       |   32|   0|   32|          0|
    |temp_output2_V_0_load_11_reg_10766       |   32|   0|   32|          0|
    |temp_output2_V_0_load_12_reg_10781       |   32|   0|   32|          0|
    |temp_output2_V_0_load_13_reg_10786       |   32|   0|   32|          0|
    |temp_output2_V_0_load_14_reg_10801       |   32|   0|   32|          0|
    |temp_output2_V_0_load_15_reg_10806       |   32|   0|   32|          0|
    |temp_output2_V_0_load_16_reg_10821       |   32|   0|   32|          0|
    |temp_output2_V_0_load_17_reg_10826       |   32|   0|   32|          0|
    |temp_output2_V_0_load_18_reg_10841       |   32|   0|   32|          0|
    |temp_output2_V_0_load_19_reg_10846       |   32|   0|   32|          0|
    |temp_output2_V_0_load_1_reg_10666        |   32|   0|   32|          0|
    |temp_output2_V_0_load_20_reg_10861       |   32|   0|   32|          0|
    |temp_output2_V_0_load_21_reg_10866       |   32|   0|   32|          0|
    |temp_output2_V_0_load_22_reg_10881       |   32|   0|   32|          0|
    |temp_output2_V_0_load_23_reg_10886       |   32|   0|   32|          0|
    |temp_output2_V_0_load_24_reg_10901       |   32|   0|   32|          0|
    |temp_output2_V_0_load_25_reg_10906       |   32|   0|   32|          0|
    |temp_output2_V_0_load_26_reg_10921       |   32|   0|   32|          0|
    |temp_output2_V_0_load_27_reg_10926       |   32|   0|   32|          0|
    |temp_output2_V_0_load_28_reg_10941       |   32|   0|   32|          0|
    |temp_output2_V_0_load_29_reg_10946       |   32|   0|   32|          0|
    |temp_output2_V_0_load_2_reg_10681        |   32|   0|   32|          0|
    |temp_output2_V_0_load_3_reg_10686        |   32|   0|   32|          0|
    |temp_output2_V_0_load_4_reg_10701        |   32|   0|   32|          0|
    |temp_output2_V_0_load_5_reg_10706        |   32|   0|   32|          0|
    |temp_output2_V_0_load_6_reg_10721        |   32|   0|   32|          0|
    |temp_output2_V_0_load_7_reg_10726        |   32|   0|   32|          0|
    |temp_output2_V_0_load_8_reg_10741        |   32|   0|   32|          0|
    |temp_output2_V_0_load_9_reg_10746        |   32|   0|   32|          0|
    |temp_output2_V_0_load_reg_10661          |   32|   0|   32|          0|
    |temp_output3_V_0_addr_1_reg_11450        |    4|   0|    4|          0|
    |temp_output3_V_0_load_10_reg_11623       |   32|   0|   32|          0|
    |temp_output3_V_0_load_11_reg_11628       |   32|   0|   32|          0|
    |temp_output3_V_0_load_12_reg_11643       |   32|   0|   32|          0|
    |temp_output3_V_0_load_13_reg_11648       |   32|   0|   32|          0|
    |temp_output3_V_0_load_15_cast_reg_11738  |   40|   0|   40|          0|
    |temp_output3_V_0_load_1_reg_11528        |   32|   0|   32|          0|
    |temp_output3_V_0_load_2_reg_11543        |   32|   0|   32|          0|
    |temp_output3_V_0_load_3_reg_11548        |   32|   0|   32|          0|
    |temp_output3_V_0_load_4_reg_11563        |   32|   0|   32|          0|
    |temp_output3_V_0_load_5_reg_11568        |   32|   0|   32|          0|
    |temp_output3_V_0_load_6_reg_11583        |   32|   0|   32|          0|
    |temp_output3_V_0_load_7_reg_11588        |   32|   0|   32|          0|
    |temp_output3_V_0_load_8_reg_11603        |   32|   0|   32|          0|
    |temp_output3_V_0_load_9_reg_11608        |   32|   0|   32|          0|
    |temp_output3_V_0_load_reg_11523          |   32|   0|   32|          0|
    |temp_output_V_0_addr_reg_8929            |    6|   0|    6|          0|
    |temp_output_V_0_load_10_reg_9102         |   32|   0|   32|          0|
    |temp_output_V_0_load_11_reg_9107         |   32|   0|   32|          0|
    |temp_output_V_0_load_12_reg_9122         |   32|   0|   32|          0|
    |temp_output_V_0_load_13_reg_9127         |   32|   0|   32|          0|
    |temp_output_V_0_load_14_reg_9142         |   32|   0|   32|          0|
    |temp_output_V_0_load_15_reg_9147         |   32|   0|   32|          0|
    |temp_output_V_0_load_16_reg_9162         |   32|   0|   32|          0|
    |temp_output_V_0_load_17_reg_9167         |   32|   0|   32|          0|
    |temp_output_V_0_load_18_reg_9182         |   32|   0|   32|          0|
    |temp_output_V_0_load_19_reg_9187         |   32|   0|   32|          0|
    |temp_output_V_0_load_1_reg_9007          |   32|   0|   32|          0|
    |temp_output_V_0_load_20_reg_9202         |   32|   0|   32|          0|
    |temp_output_V_0_load_21_reg_9207         |   32|   0|   32|          0|
    |temp_output_V_0_load_22_reg_9222         |   32|   0|   32|          0|
    |temp_output_V_0_load_23_reg_9227         |   32|   0|   32|          0|
    |temp_output_V_0_load_24_reg_9242         |   32|   0|   32|          0|
    |temp_output_V_0_load_25_reg_9247         |   32|   0|   32|          0|
    |temp_output_V_0_load_26_reg_9262         |   32|   0|   32|          0|
    |temp_output_V_0_load_27_reg_9267         |   32|   0|   32|          0|
    |temp_output_V_0_load_28_reg_9282         |   32|   0|   32|          0|
    |temp_output_V_0_load_29_reg_9287         |   32|   0|   32|          0|
    |temp_output_V_0_load_2_reg_9022          |   32|   0|   32|          0|
    |temp_output_V_0_load_30_reg_9302         |   32|   0|   32|          0|
    |temp_output_V_0_load_31_reg_9307         |   32|   0|   32|          0|
    |temp_output_V_0_load_32_reg_9322         |   32|   0|   32|          0|
    |temp_output_V_0_load_33_reg_9327         |   32|   0|   32|          0|
    |temp_output_V_0_load_34_reg_9342         |   32|   0|   32|          0|
    |temp_output_V_0_load_35_reg_9347         |   32|   0|   32|          0|
    |temp_output_V_0_load_36_reg_9362         |   32|   0|   32|          0|
    |temp_output_V_0_load_37_reg_9367         |   32|   0|   32|          0|
    |temp_output_V_0_load_38_reg_9382         |   32|   0|   32|          0|
    |temp_output_V_0_load_39_reg_9387         |   32|   0|   32|          0|
    |temp_output_V_0_load_3_reg_9027          |   32|   0|   32|          0|
    |temp_output_V_0_load_40_reg_9402         |   32|   0|   32|          0|
    |temp_output_V_0_load_41_reg_9407         |   32|   0|   32|          0|
    |temp_output_V_0_load_42_reg_9422         |   32|   0|   32|          0|
    |temp_output_V_0_load_43_reg_9427         |   32|   0|   32|          0|
    |temp_output_V_0_load_44_reg_9442         |   32|   0|   32|          0|
    |temp_output_V_0_load_45_reg_9447         |   32|   0|   32|          0|
    |temp_output_V_0_load_46_reg_9462         |   32|   0|   32|          0|
    |temp_output_V_0_load_47_reg_9467         |   32|   0|   32|          0|
    |temp_output_V_0_load_48_reg_9482         |   32|   0|   32|          0|
    |temp_output_V_0_load_49_reg_9487         |   32|   0|   32|          0|
    |temp_output_V_0_load_4_reg_9042          |   32|   0|   32|          0|
    |temp_output_V_0_load_50_reg_9502         |   32|   0|   32|          0|
    |temp_output_V_0_load_51_reg_9507         |   32|   0|   32|          0|
    |temp_output_V_0_load_52_reg_9522         |   32|   0|   32|          0|
    |temp_output_V_0_load_53_reg_9527         |   32|   0|   32|          0|
    |temp_output_V_0_load_54_reg_9542         |   32|   0|   32|          0|
    |temp_output_V_0_load_55_reg_9547         |   32|   0|   32|          0|
    |temp_output_V_0_load_56_reg_9562         |   32|   0|   32|          0|
    |temp_output_V_0_load_57_reg_9567         |   32|   0|   32|          0|
    |temp_output_V_0_load_58_reg_9582         |   32|   0|   32|          0|
    |temp_output_V_0_load_59_reg_9587         |   32|   0|   32|          0|
    |temp_output_V_0_load_5_reg_9047          |   32|   0|   32|          0|
    |temp_output_V_0_load_60_reg_9602         |   32|   0|   32|          0|
    |temp_output_V_0_load_61_reg_9607         |   32|   0|   32|          0|
    |temp_output_V_0_load_63_cast_reg_9937    |   39|   0|   39|          0|
    |temp_output_V_0_load_6_reg_9062          |   32|   0|   32|          0|
    |temp_output_V_0_load_7_reg_9067          |   32|   0|   32|          0|
    |temp_output_V_0_load_8_reg_9082          |   32|   0|   32|          0|
    |temp_output_V_0_load_9_reg_9087          |   32|   0|   32|          0|
    |temp_output_V_0_load_reg_9002            |   32|   0|   32|          0|
    |tmp_102_reg_11802                        |   32|   0|   32|          0|
    |tmp_107_reg_11847                        |   32|   0|   32|          0|
    |tmp_112_reg_11887                        |   32|   0|   32|          0|
    |tmp_13_reg_10094                         |   32|   0|   32|          0|
    |tmp_18_reg_10139                         |   32|   0|   32|          0|
    |tmp_23_reg_10184                         |   32|   0|   32|          0|
    |tmp_28_reg_10229                         |   32|   0|   32|          0|
    |tmp_33_reg_10274                         |   32|   0|   32|          0|
    |tmp_38_reg_10319                         |   32|   0|   32|          0|
    |tmp_43_reg_10364                         |   32|   0|   32|          0|
    |tmp_48_reg_10409                         |   32|   0|   32|          0|
    |tmp_53_reg_10454                         |   32|   0|   32|          0|
    |tmp_58_reg_10499                         |   32|   0|   32|          0|
    |tmp_63_reg_10544                         |   32|   0|   32|          0|
    |tmp_68_reg_10574                         |   32|   0|   32|          0|
    |tmp_71_reg_11196                         |   32|   0|   32|          0|
    |tmp_76_reg_11241                         |   32|   0|   32|          0|
    |tmp_81_reg_11286                         |   32|   0|   32|          0|
    |tmp_86_reg_11331                         |   32|   0|   32|          0|
    |tmp_91_reg_11376                         |   32|   0|   32|          0|
    |tmp_96_reg_11421                         |   32|   0|   32|          0|
    |tmp_9_reg_10049                          |   32|   0|   32|          0|
    |tmp_V_6_reg_8944                         |   32|   0|   32|          0|
    |tmp_V_7_reg_10603                        |   32|   0|   32|          0|
    |tmp_V_8_reg_11465                        |   32|   0|   32|          0|
    |trunc_ln565_reg_8854                     |   52|   0|   52|          0|
    |trunc_ln893_1_reg_10628                  |   11|   0|   11|          0|
    |trunc_ln893_2_reg_11490                  |   11|   0|   11|          0|
    |trunc_ln893_reg_8969                     |   11|   0|   11|          0|
    |i_cast_reg_8829                          |   64|  32|   64|         56|
    |icmp_ln26_reg_9947                       |   64|  32|    1|          0|
    |icmp_ln40_reg_11126                      |   64|  32|    1|          0|
    |icmp_ln4_reg_8825                        |   64|  32|    1|          0|
    |icmp_ln54_reg_11748                      |   64|  32|    1|          0|
    |j_1_cast_reg_9951                        |   64|  32|   64|         58|
    |j_2_cast_reg_11130                       |   64|  32|   64|         59|
    |j_3_cast_reg_11752                       |   64|  32|   64|         60|
    |temp_output2_V_0_addr_1_reg_10588        |   64|  32|    5|          0|
    |temp_output3_V_0_addr_1_reg_11450        |   64|  32|    4|          0|
    |temp_output_V_0_addr_reg_8929            |   64|  32|    6|          0|
    +-----------------------------------------+-----+----+-----+-----------+
    |Total                                    |12514| 352|12318|        466|
    +-----------------------------------------+-----+----+-----+-----------+



================================================================
== Interface
================================================================
* Summary: 
+-----------------------+-----+-----+------------+--------------+--------------+
|       RTL Ports       | Dir | Bits|  Protocol  | Source Object|    C Type    |
+-----------------------+-----+-----+------------+--------------+--------------+
|s_axi_control_AWVALID  |   in|    1|       s_axi|       control|         array|
|s_axi_control_AWREADY  |  out|    1|       s_axi|       control|         array|
|s_axi_control_AWADDR   |   in|   11|       s_axi|       control|         array|
|s_axi_control_WVALID   |   in|    1|       s_axi|       control|         array|
|s_axi_control_WREADY   |  out|    1|       s_axi|       control|         array|
|s_axi_control_WDATA    |   in|   32|       s_axi|       control|         array|
|s_axi_control_WSTRB    |   in|    4|       s_axi|       control|         array|
|s_axi_control_ARVALID  |   in|    1|       s_axi|       control|         array|
|s_axi_control_ARREADY  |  out|    1|       s_axi|       control|         array|
|s_axi_control_ARADDR   |   in|   11|       s_axi|       control|         array|
|s_axi_control_RVALID   |  out|    1|       s_axi|       control|         array|
|s_axi_control_RREADY   |   in|    1|       s_axi|       control|         array|
|s_axi_control_RDATA    |  out|   32|       s_axi|       control|         array|
|s_axi_control_RRESP    |  out|    2|       s_axi|       control|         array|
|s_axi_control_BVALID   |  out|    1|       s_axi|       control|         array|
|s_axi_control_BREADY   |   in|    1|       s_axi|       control|         array|
|s_axi_control_BRESP    |  out|    2|       s_axi|       control|         array|
|ap_clk                 |   in|    1|  ap_ctrl_hs|  nn_inference|  return value|
|ap_rst_n               |   in|    1|  ap_ctrl_hs|  nn_inference|  return value|
|interrupt              |  out|    1|  ap_ctrl_hs|  nn_inference|  return value|
|bram_output            |  out|   32|      ap_vld|   bram_output|       pointer|
|bram_output_ap_vld     |  out|    1|      ap_vld|   bram_output|       pointer|
+-----------------------+-----+-----+------------+--------------+--------------+

